Archive member included to satisfy reference by file (symbol)

/opt/microchip/xc8/v3.00/avr/bin/../lib/gcc/avr/5.4.0/avr5/libgcc.a(_copy_data.o)
                              build/ISP/debug/main.o (__do_copy_data)
/opt/microchip/xc8/v3.00/avr/bin/../lib/gcc/avr/5.4.0/../../../../avr/lib/avr5/libc.a(exit.o)
                              /opt/microchip/mplabx/v6.20/packs/Microchip/ATmega_DFP/3.1.264/xc8/avr/lib/avr5/crtatmega328pb.o (exit)
/opt/microchip/xc8/v3.00/avr/bin/../lib/gcc/avr/5.4.0/../../../../avr/lib/avr5/libc.a(__sio_printf_dosux.o)
                              build/ISP/debug/main.o (_printf_cdopsuxX)
/opt/microchip/xc8/v3.00/avr/bin/../lib/gcc/avr/5.4.0/../../../../avr/lib/avr5/libc.a(__sio_printf_doux.o)
                              build/ISP/debug/main.o (_printf_cdopuxX)
/opt/microchip/xc8/v3.00/avr/bin/../lib/gcc/avr/5.4.0/../../../../avr/lib/avr5/libc.a(__sio_sprintf_doux.o)
                              build/ISP/debug/main.o (_sprintf_cdopuxX)
/opt/microchip/xc8/v3.00/avr/bin/../lib/gcc/avr/5.4.0/../../../../avr/lib/avr5/libc.a(__fmt_d.o)
                              /opt/microchip/xc8/v3.00/avr/bin/../lib/gcc/avr/5.4.0/../../../../avr/lib/avr5/libc.a(__sio_printf_dosux.o) (__fmt_d_needed)
/opt/microchip/xc8/v3.00/avr/bin/../lib/gcc/avr/5.4.0/../../../../avr/lib/avr5/libc.a(__fmt_o.o)
                              /opt/microchip/xc8/v3.00/avr/bin/../lib/gcc/avr/5.4.0/../../../../avr/lib/avr5/libc.a(__sio_printf_dosux.o) (__fmt_o_needed)
/opt/microchip/xc8/v3.00/avr/bin/../lib/gcc/avr/5.4.0/../../../../avr/lib/avr5/libc.a(__fmt_s.o)
                              /opt/microchip/xc8/v3.00/avr/bin/../lib/gcc/avr/5.4.0/../../../../avr/lib/avr5/libc.a(__sio_printf_dosux.o) (__fmt_s_needed)
/opt/microchip/xc8/v3.00/avr/bin/../lib/gcc/avr/5.4.0/../../../../avr/lib/avr5/libc.a(__fmt_u.o)
                              /opt/microchip/xc8/v3.00/avr/bin/../lib/gcc/avr/5.4.0/../../../../avr/lib/avr5/libc.a(__fmt_d.o) (__cvt_u)
/opt/microchip/xc8/v3.00/avr/bin/../lib/gcc/avr/5.4.0/../../../../avr/lib/avr5/libc.a(__fmt_x.o)
                              /opt/microchip/xc8/v3.00/avr/bin/../lib/gcc/avr/5.4.0/../../../../avr/lib/avr5/libc.a(__sio_printf_dosux.o) (__fmt_x_needed)
/opt/microchip/xc8/v3.00/avr/bin/../lib/gcc/avr/5.4.0/../../../../avr/lib/avr5/libc.a(__pop_int.o)
                              /opt/microchip/xc8/v3.00/avr/bin/../lib/gcc/avr/5.4.0/../../../../avr/lib/avr5/libc.a(__sio_printf_dosux.o) (__pop_int_needed)
/opt/microchip/xc8/v3.00/avr/bin/../lib/gcc/avr/5.4.0/../../../../avr/lib/avr5/libc.a(__printf_core.o)
                              /opt/microchip/xc8/v3.00/avr/bin/../lib/gcc/avr/5.4.0/../../../../avr/lib/avr5/libc.a(__fmt_d.o) (__pad)
/opt/microchip/xc8/v3.00/avr/bin/../lib/gcc/avr/5.4.0/../../../../avr/lib/avr5/libc.a(fputc.o)
                              /opt/microchip/xc8/v3.00/avr/bin/../lib/gcc/avr/5.4.0/../../../../avr/lib/avr5/libc.a(__printf_core.o) (fputc)
/opt/microchip/xc8/v3.00/avr/bin/../lib/gcc/avr/5.4.0/../../../../avr/lib/avr5/libc.a(puts.o)
                              build/ISP/debug/main.o (puts)
/opt/microchip/xc8/v3.00/avr/bin/../lib/gcc/avr/5.4.0/../../../../avr/lib/avr5/libc.a(stdout.o)
                              build/ISP/debug/UART.o (_stdout)
/opt/microchip/xc8/v3.00/avr/bin/../lib/gcc/avr/5.4.0/../../../../avr/lib/avr5/libc.a(strlen.o)
                              /opt/microchip/xc8/v3.00/avr/bin/../lib/gcc/avr/5.4.0/../../../../avr/lib/avr5/libc.a(__fmt_s.o) (strlen)
/opt/microchip/xc8/v3.00/avr/bin/../lib/gcc/avr/5.4.0/../../../../avr/lib/avr5/libc.a(tolower.o)
                              /opt/microchip/xc8/v3.00/avr/bin/../lib/gcc/avr/5.4.0/../../../../avr/lib/avr5/libc.a(__printf_core.o) (tolower)
/opt/microchip/xc8/v3.00/avr/bin/../lib/gcc/avr/5.4.0/../../../../avr/lib/avr5/libc.a(toupper.o)
                              /opt/microchip/xc8/v3.00/avr/bin/../lib/gcc/avr/5.4.0/../../../../avr/lib/avr5/libc.a(__fmt_x.o) (toupper)
/opt/microchip/xc8/v3.00/avr/bin/../lib/gcc/avr/5.4.0/../../../../avr/lib/avr5/libc.a(errno.o)
                              /opt/microchip/xc8/v3.00/avr/bin/../lib/gcc/avr/5.4.0/../../../../avr/lib/avr5/libc.a(__printf_core.o) (__errno_val)
/opt/microchip/xc8/v3.00/avr/bin/../lib/gcc/avr/5.4.0/../../../../avr/lib/avr5/libc.a(_Exit.o)
                              /opt/microchip/xc8/v3.00/avr/bin/../lib/gcc/avr/5.4.0/../../../../avr/lib/avr5/libc.a(exit.o) (_Exit)
/opt/microchip/xc8/v3.00/avr/bin/../lib/gcc/avr/5.4.0/../../../../avr/lib/avr5/libc.a(__int_vfprintf.o)
                              /opt/microchip/xc8/v3.00/avr/bin/../lib/gcc/avr/5.4.0/../../../../avr/lib/avr5/libc.a(__sio_printf_dosux.o) (__vfprintf)
/opt/microchip/xc8/v3.00/avr/bin/../lib/gcc/avr/5.4.0/../../../../avr/lib/avr5/libc.a(__int_vsprintf.o)
                              /opt/microchip/xc8/v3.00/avr/bin/../lib/gcc/avr/5.4.0/../../../../avr/lib/avr5/libc.a(__sio_sprintf_doux.o) (__vsprintf)
/opt/microchip/xc8/v3.00/avr/bin/../lib/gcc/avr/5.4.0/../../../../avr/lib/avr5/libc.a(__int_vsnprintf.o)
                              /opt/microchip/xc8/v3.00/avr/bin/../lib/gcc/avr/5.4.0/../../../../avr/lib/avr5/libc.a(__int_vsprintf.o) (__vsnprintf)
/opt/microchip/xc8/v3.00/avr/bin/../lib/gcc/avr/5.4.0/../../../../avr/lib/avr5/libc.a(fputs.o)
                              /opt/microchip/xc8/v3.00/avr/bin/../lib/gcc/avr/5.4.0/../../../../avr/lib/avr5/libc.a(puts.o) (fputs)
/opt/microchip/xc8/v3.00/avr/bin/../lib/gcc/avr/5.4.0/avr5/libgcc.a(_udivmodsi4.o)
                              /opt/microchip/xc8/v3.00/avr/bin/../lib/gcc/avr/5.4.0/../../../../avr/lib/avr5/libc.a(__fmt_u.o) (__udivmodsi4)
/opt/microchip/xc8/v3.00/avr/bin/../lib/gcc/avr/5.4.0/avr5/libgcc.a(_exit.o)
                              /opt/microchip/xc8/v3.00/avr/bin/../lib/gcc/avr/5.4.0/../../../../avr/lib/avr5/libc.a(_Exit.o) (_exit)
/opt/microchip/xc8/v3.00/avr/bin/../lib/gcc/avr/5.4.0/avr5/libgcc.a(_prologue.o)
                              /opt/microchip/xc8/v3.00/avr/bin/../lib/gcc/avr/5.4.0/../../../../avr/lib/avr5/libc.a(__sio_printf_dosux.o) (__prologue_saves__)
/opt/microchip/xc8/v3.00/avr/bin/../lib/gcc/avr/5.4.0/avr5/libgcc.a(_epilogue.o)
                              /opt/microchip/xc8/v3.00/avr/bin/../lib/gcc/avr/5.4.0/../../../../avr/lib/avr5/libc.a(__sio_printf_dosux.o) (__epilogue_restores__)

Allocating common symbols
Common symbol       size              file

__stdout_used       0x2               /opt/microchip/xc8/v3.00/avr/bin/../lib/gcc/avr/5.4.0/../../../../avr/lib/avr5/libc.a(stdout.o)
__errno_val         0x2               /opt/microchip/xc8/v3.00/avr/bin/../lib/gcc/avr/5.4.0/../../../../avr/lib/avr5/libc.a(errno.o)

Discarded input sections

 .data          0x0000000000000000        0x0 /opt/microchip/mplabx/v6.20/packs/Microchip/ATmega_DFP/3.1.264/xc8/avr/lib/avr5/crtatmega328pb.o
 .bss           0x0000000000000000        0x0 /opt/microchip/mplabx/v6.20/packs/Microchip/ATmega_DFP/3.1.264/xc8/avr/lib/avr5/crtatmega328pb.o
 .text          0x0000000000000000        0x0 build/ISP/debug/main.o
 .data          0x0000000000000000        0x0 build/ISP/debug/main.o
 .bss           0x0000000000000000        0x0 build/ISP/debug/main.o
 .data.test.2864
                0x0000000000000000        0x1 build/ISP/debug/main.o
 .bss.ThisExternalInterruptLockoutTimeStruct
                0x0000000000000000        0x4 build/ISP/debug/main.o
 .bss.ThisDisplayTimeSetupTimeStruct
                0x0000000000000000        0x4 build/ISP/debug/main.o
 .bss.ThisAddressStruct
                0x0000000000000000       0x15 build/ISP/debug/main.o
 .data.StateMachineState
                0x0000000000000000        0x1 build/ISP/debug/main.o
 .bss.GoBackToInitStateOnTypeErrorsInRAM
                0x0000000000000000        0x1 build/ISP/debug/main.o
 .bss.ExternalInterruptLockoutTimeInRAM
                0x0000000000000000        0x1 build/ISP/debug/main.o
 .text          0x0000000000000000        0x0 build/ISP/debug/ssd1306.o
 .data          0x0000000000000000        0x0 build/ISP/debug/ssd1306.o
 .bss           0x0000000000000000        0x0 build/ISP/debug/ssd1306.o
 .text.SSD1306_NormalScreen
                0x0000000000000000       0x24 build/ISP/debug/ssd1306.o
 .text.SSD1306_InverseScreen
                0x0000000000000000       0x24 build/ISP/debug/ssd1306.o
 .text.SSD1306_ClearPage
                0x0000000000000000       0x82 build/ISP/debug/ssd1306.o
 .text.SSD1306_ClearPageFromToEnd
                0x0000000000000000       0xbe build/ISP/debug/ssd1306.o
 .text.SSD1306_DrawLineVertical
                0x0000000000000000       0xaa build/ISP/debug/ssd1306.o
 .text.SSD1306_DrawLineHorizontal
                0x0000000000000000       0xc8 build/ISP/debug/ssd1306.o
 .text.SSD1306_HorizontalScroll
                0x0000000000000000       0x6a build/ISP/debug/ssd1306.o
 .text.SSD1306_HorizontalScrollStop
                0x0000000000000000       0x22 build/ISP/debug/ssd1306.o
 .text          0x0000000000000000        0x0 build/ISP/debug/twi.o
 .data          0x0000000000000000        0x0 build/ISP/debug/twi.o
 .bss           0x0000000000000000        0x0 build/ISP/debug/twi.o
 .text.TWI_MR_Send_SLAR
                0x0000000000000000       0x36 build/ISP/debug/twi.o
 .text          0x0000000000000000        0x0 build/ISP/debug/Timer.o
 .data          0x0000000000000000        0x0 build/ISP/debug/Timer.o
 .bss           0x0000000000000000        0x0 build/ISP/debug/Timer.o
 .text          0x0000000000000000        0x0 build/ISP/debug/Timer0.o
 .data          0x0000000000000000        0x0 build/ISP/debug/Timer0.o
 .bss           0x0000000000000000        0x0 build/ISP/debug/Timer0.o
 .text          0x0000000000000000        0x0 build/ISP/debug/UART.o
 .data          0x0000000000000000        0x0 build/ISP/debug/UART.o
 .bss           0x0000000000000000        0x0 build/ISP/debug/UART.o
 .text.Disable_UART_Receive_Interupt
                0x0000000000000000        0xc build/ISP/debug/UART.o
 .text          0x0000000000000000        0x0 build/ISP/debug/ExternalInterrupt.o
 .data          0x0000000000000000        0x0 build/ISP/debug/ExternalInterrupt.o
 .bss           0x0000000000000000        0x0 build/ISP/debug/ExternalInterrupt.o
 .text.DetachAndDisableExternalInterrupt
                0x0000000000000000       0x52 build/ISP/debug/ExternalInterrupt.o
 .text          0x0000000000000000        0x0 /opt/microchip/xc8/v3.00/avr/bin/../lib/gcc/avr/5.4.0/avr5/libgcc.a(_copy_data.o)
 .data          0x0000000000000000        0x0 /opt/microchip/xc8/v3.00/avr/bin/../lib/gcc/avr/5.4.0/avr5/libgcc.a(_copy_data.o)
 .bss           0x0000000000000000        0x0 /opt/microchip/xc8/v3.00/avr/bin/../lib/gcc/avr/5.4.0/avr5/libgcc.a(_copy_data.o)
 .text.libgcc.mul
                0x0000000000000000        0x0 /opt/microchip/xc8/v3.00/avr/bin/../lib/gcc/avr/5.4.0/avr5/libgcc.a(_copy_data.o)
 .text.libgcc.div
                0x0000000000000000        0x0 /opt/microchip/xc8/v3.00/avr/bin/../lib/gcc/avr/5.4.0/avr5/libgcc.a(_copy_data.o)
 .text.libgcc   0x0000000000000000        0x0 /opt/microchip/xc8/v3.00/avr/bin/../lib/gcc/avr/5.4.0/avr5/libgcc.a(_copy_data.o)
 .text.libgcc.prologue
                0x0000000000000000        0x0 /opt/microchip/xc8/v3.00/avr/bin/../lib/gcc/avr/5.4.0/avr5/libgcc.a(_copy_data.o)
 .text.libgcc.builtins
                0x0000000000000000        0x0 /opt/microchip/xc8/v3.00/avr/bin/../lib/gcc/avr/5.4.0/avr5/libgcc.a(_copy_data.o)
 .text.libgcc.fmul
                0x0000000000000000        0x0 /opt/microchip/xc8/v3.00/avr/bin/../lib/gcc/avr/5.4.0/avr5/libgcc.a(_copy_data.o)
 .text.libgcc.fixed
                0x0000000000000000        0x0 /opt/microchip/xc8/v3.00/avr/bin/../lib/gcc/avr/5.4.0/avr5/libgcc.a(_copy_data.o)
 .text          0x0000000000000000        0x0 /opt/microchip/xc8/v3.00/avr/bin/../lib/gcc/avr/5.4.0/../../../../avr/lib/avr5/libc.a(exit.o)
 .data          0x0000000000000000        0x0 /opt/microchip/xc8/v3.00/avr/bin/../lib/gcc/avr/5.4.0/../../../../avr/lib/avr5/libc.a(exit.o)
 .bss           0x0000000000000000        0x0 /opt/microchip/xc8/v3.00/avr/bin/../lib/gcc/avr/5.4.0/../../../../avr/lib/avr5/libc.a(exit.o)
 .stack.descriptors
                0x0000000000000000       0x73 /opt/microchip/xc8/v3.00/avr/bin/../lib/gcc/avr/5.4.0/../../../../avr/lib/avr5/libc.a(exit.o)
 .text          0x0000000000000000        0x0 /opt/microchip/xc8/v3.00/avr/bin/../lib/gcc/avr/5.4.0/../../../../avr/lib/avr5/libc.a(__sio_printf_dosux.o)
 .data          0x0000000000000000        0x0 /opt/microchip/xc8/v3.00/avr/bin/../lib/gcc/avr/5.4.0/../../../../avr/lib/avr5/libc.a(__sio_printf_dosux.o)
 .bss           0x0000000000000000        0x0 /opt/microchip/xc8/v3.00/avr/bin/../lib/gcc/avr/5.4.0/../../../../avr/lib/avr5/libc.a(__sio_printf_dosux.o)
 .stack.descriptors
                0x0000000000000000       0x3b /opt/microchip/xc8/v3.00/avr/bin/../lib/gcc/avr/5.4.0/../../../../avr/lib/avr5/libc.a(__sio_printf_dosux.o)
 .text.__sio_printf_dosux
                0x0000000000000000       0x1a /opt/microchip/xc8/v3.00/avr/bin/../lib/gcc/avr/5.4.0/../../../../avr/lib/avr5/libc.a(__sio_printf_dosux.o)
 .text          0x0000000000000000        0x0 /opt/microchip/xc8/v3.00/avr/bin/../lib/gcc/avr/5.4.0/../../../../avr/lib/avr5/libc.a(__sio_printf_doux.o)
 .data          0x0000000000000000        0x0 /opt/microchip/xc8/v3.00/avr/bin/../lib/gcc/avr/5.4.0/../../../../avr/lib/avr5/libc.a(__sio_printf_doux.o)
 .bss           0x0000000000000000        0x0 /opt/microchip/xc8/v3.00/avr/bin/../lib/gcc/avr/5.4.0/../../../../avr/lib/avr5/libc.a(__sio_printf_doux.o)
 .stack.descriptors
                0x0000000000000000       0x3a /opt/microchip/xc8/v3.00/avr/bin/../lib/gcc/avr/5.4.0/../../../../avr/lib/avr5/libc.a(__sio_printf_doux.o)
 .text.__sio_printf_doux
                0x0000000000000000       0x1a /opt/microchip/xc8/v3.00/avr/bin/../lib/gcc/avr/5.4.0/../../../../avr/lib/avr5/libc.a(__sio_printf_doux.o)
 .text          0x0000000000000000        0x0 /opt/microchip/xc8/v3.00/avr/bin/../lib/gcc/avr/5.4.0/../../../../avr/lib/avr5/libc.a(__sio_sprintf_doux.o)
 .data          0x0000000000000000        0x0 /opt/microchip/xc8/v3.00/avr/bin/../lib/gcc/avr/5.4.0/../../../../avr/lib/avr5/libc.a(__sio_sprintf_doux.o)
 .bss           0x0000000000000000        0x0 /opt/microchip/xc8/v3.00/avr/bin/../lib/gcc/avr/5.4.0/../../../../avr/lib/avr5/libc.a(__sio_sprintf_doux.o)
 .stack.descriptors
                0x0000000000000000       0x3c /opt/microchip/xc8/v3.00/avr/bin/../lib/gcc/avr/5.4.0/../../../../avr/lib/avr5/libc.a(__sio_sprintf_doux.o)
 .text.__sio_sprintf_doux
                0x0000000000000000       0x1a /opt/microchip/xc8/v3.00/avr/bin/../lib/gcc/avr/5.4.0/../../../../avr/lib/avr5/libc.a(__sio_sprintf_doux.o)
 .text          0x0000000000000000        0x0 /opt/microchip/xc8/v3.00/avr/bin/../lib/gcc/avr/5.4.0/../../../../avr/lib/avr5/libc.a(__fmt_d.o)
 .data          0x0000000000000000        0x0 /opt/microchip/xc8/v3.00/avr/bin/../lib/gcc/avr/5.4.0/../../../../avr/lib/avr5/libc.a(__fmt_d.o)
 .bss           0x0000000000000000        0x0 /opt/microchip/xc8/v3.00/avr/bin/../lib/gcc/avr/5.4.0/../../../../avr/lib/avr5/libc.a(__fmt_d.o)
 .stack.descriptors
                0x0000000000000000       0x15 /opt/microchip/xc8/v3.00/avr/bin/../lib/gcc/avr/5.4.0/../../../../avr/lib/avr5/libc.a(__fmt_d.o)
 .text          0x0000000000000000        0x0 /opt/microchip/xc8/v3.00/avr/bin/../lib/gcc/avr/5.4.0/../../../../avr/lib/avr5/libc.a(__fmt_o.o)
 .data          0x0000000000000000        0x0 /opt/microchip/xc8/v3.00/avr/bin/../lib/gcc/avr/5.4.0/../../../../avr/lib/avr5/libc.a(__fmt_o.o)
 .bss           0x0000000000000000        0x0 /opt/microchip/xc8/v3.00/avr/bin/../lib/gcc/avr/5.4.0/../../../../avr/lib/avr5/libc.a(__fmt_o.o)
 .stack.descriptors
                0x0000000000000000       0x15 /opt/microchip/xc8/v3.00/avr/bin/../lib/gcc/avr/5.4.0/../../../../avr/lib/avr5/libc.a(__fmt_o.o)
 .text          0x0000000000000000        0x0 /opt/microchip/xc8/v3.00/avr/bin/../lib/gcc/avr/5.4.0/../../../../avr/lib/avr5/libc.a(__fmt_s.o)
 .data          0x0000000000000000        0x0 /opt/microchip/xc8/v3.00/avr/bin/../lib/gcc/avr/5.4.0/../../../../avr/lib/avr5/libc.a(__fmt_s.o)
 .bss           0x0000000000000000        0x0 /opt/microchip/xc8/v3.00/avr/bin/../lib/gcc/avr/5.4.0/../../../../avr/lib/avr5/libc.a(__fmt_s.o)
 .stack.descriptors
                0x0000000000000000       0x15 /opt/microchip/xc8/v3.00/avr/bin/../lib/gcc/avr/5.4.0/../../../../avr/lib/avr5/libc.a(__fmt_s.o)
 .text          0x0000000000000000        0x0 /opt/microchip/xc8/v3.00/avr/bin/../lib/gcc/avr/5.4.0/../../../../avr/lib/avr5/libc.a(__fmt_u.o)
 .data          0x0000000000000000        0x0 /opt/microchip/xc8/v3.00/avr/bin/../lib/gcc/avr/5.4.0/../../../../avr/lib/avr5/libc.a(__fmt_u.o)
 .bss           0x0000000000000000        0x0 /opt/microchip/xc8/v3.00/avr/bin/../lib/gcc/avr/5.4.0/../../../../avr/lib/avr5/libc.a(__fmt_u.o)
 .stack.descriptors
                0x0000000000000000       0x2a /opt/microchip/xc8/v3.00/avr/bin/../lib/gcc/avr/5.4.0/../../../../avr/lib/avr5/libc.a(__fmt_u.o)
 .text          0x0000000000000000        0x0 /opt/microchip/xc8/v3.00/avr/bin/../lib/gcc/avr/5.4.0/../../../../avr/lib/avr5/libc.a(__fmt_x.o)
 .data          0x0000000000000000        0x0 /opt/microchip/xc8/v3.00/avr/bin/../lib/gcc/avr/5.4.0/../../../../avr/lib/avr5/libc.a(__fmt_x.o)
 .bss           0x0000000000000000        0x0 /opt/microchip/xc8/v3.00/avr/bin/../lib/gcc/avr/5.4.0/../../../../avr/lib/avr5/libc.a(__fmt_x.o)
 .stack.descriptors
                0x0000000000000000       0x15 /opt/microchip/xc8/v3.00/avr/bin/../lib/gcc/avr/5.4.0/../../../../avr/lib/avr5/libc.a(__fmt_x.o)
 .text          0x0000000000000000        0x0 /opt/microchip/xc8/v3.00/avr/bin/../lib/gcc/avr/5.4.0/../../../../avr/lib/avr5/libc.a(__pop_int.o)
 .data          0x0000000000000000        0x0 /opt/microchip/xc8/v3.00/avr/bin/../lib/gcc/avr/5.4.0/../../../../avr/lib/avr5/libc.a(__pop_int.o)
 .bss           0x0000000000000000        0x0 /opt/microchip/xc8/v3.00/avr/bin/../lib/gcc/avr/5.4.0/../../../../avr/lib/avr5/libc.a(__pop_int.o)
 .stack.descriptors
                0x0000000000000000       0x17 /opt/microchip/xc8/v3.00/avr/bin/../lib/gcc/avr/5.4.0/../../../../avr/lib/avr5/libc.a(__pop_int.o)
 .text          0x0000000000000000        0x0 /opt/microchip/xc8/v3.00/avr/bin/../lib/gcc/avr/5.4.0/../../../../avr/lib/avr5/libc.a(__printf_core.o)
 .data          0x0000000000000000        0x0 /opt/microchip/xc8/v3.00/avr/bin/../lib/gcc/avr/5.4.0/../../../../avr/lib/avr5/libc.a(__printf_core.o)
 .bss           0x0000000000000000        0x0 /opt/microchip/xc8/v3.00/avr/bin/../lib/gcc/avr/5.4.0/../../../../avr/lib/avr5/libc.a(__printf_core.o)
 .stack.descriptors
                0x0000000000000000       0x91 /opt/microchip/xc8/v3.00/avr/bin/../lib/gcc/avr/5.4.0/../../../../avr/lib/avr5/libc.a(__printf_core.o)
 .text          0x0000000000000000        0x0 /opt/microchip/xc8/v3.00/avr/bin/../lib/gcc/avr/5.4.0/../../../../avr/lib/avr5/libc.a(fputc.o)
 .data          0x0000000000000000        0x0 /opt/microchip/xc8/v3.00/avr/bin/../lib/gcc/avr/5.4.0/../../../../avr/lib/avr5/libc.a(fputc.o)
 .bss           0x0000000000000000        0x0 /opt/microchip/xc8/v3.00/avr/bin/../lib/gcc/avr/5.4.0/../../../../avr/lib/avr5/libc.a(fputc.o)
 .stack.descriptors
                0x0000000000000000       0x13 /opt/microchip/xc8/v3.00/avr/bin/../lib/gcc/avr/5.4.0/../../../../avr/lib/avr5/libc.a(fputc.o)
 .text          0x0000000000000000        0x0 /opt/microchip/xc8/v3.00/avr/bin/../lib/gcc/avr/5.4.0/../../../../avr/lib/avr5/libc.a(puts.o)
 .data          0x0000000000000000        0x0 /opt/microchip/xc8/v3.00/avr/bin/../lib/gcc/avr/5.4.0/../../../../avr/lib/avr5/libc.a(puts.o)
 .bss           0x0000000000000000        0x0 /opt/microchip/xc8/v3.00/avr/bin/../lib/gcc/avr/5.4.0/../../../../avr/lib/avr5/libc.a(puts.o)
 .stack.descriptors
                0x0000000000000000       0x12 /opt/microchip/xc8/v3.00/avr/bin/../lib/gcc/avr/5.4.0/../../../../avr/lib/avr5/libc.a(puts.o)
 .text          0x0000000000000000        0x0 /opt/microchip/xc8/v3.00/avr/bin/../lib/gcc/avr/5.4.0/../../../../avr/lib/avr5/libc.a(stdout.o)
 .data          0x0000000000000000        0x0 /opt/microchip/xc8/v3.00/avr/bin/../lib/gcc/avr/5.4.0/../../../../avr/lib/avr5/libc.a(stdout.o)
 .bss           0x0000000000000000        0x0 /opt/microchip/xc8/v3.00/avr/bin/../lib/gcc/avr/5.4.0/../../../../avr/lib/avr5/libc.a(stdout.o)
 .stack.descriptors
                0x0000000000000000       0x1b /opt/microchip/xc8/v3.00/avr/bin/../lib/gcc/avr/5.4.0/../../../../avr/lib/avr5/libc.a(stdout.o)
 .text.__init_stdout
                0x0000000000000000       0x1e /opt/microchip/xc8/v3.00/avr/bin/../lib/gcc/avr/5.4.0/../../../../avr/lib/avr5/libc.a(stdout.o)
 .data.f        0x0000000000000000       0x10 /opt/microchip/xc8/v3.00/avr/bin/../lib/gcc/avr/5.4.0/../../../../avr/lib/avr5/libc.a(stdout.o)
 COMMON         0x0000000000000000        0x2 /opt/microchip/xc8/v3.00/avr/bin/../lib/gcc/avr/5.4.0/../../../../avr/lib/avr5/libc.a(stdout.o)
 .text          0x0000000000000000        0x0 /opt/microchip/xc8/v3.00/avr/bin/../lib/gcc/avr/5.4.0/../../../../avr/lib/avr5/libc.a(strlen.o)
 .data          0x0000000000000000        0x0 /opt/microchip/xc8/v3.00/avr/bin/../lib/gcc/avr/5.4.0/../../../../avr/lib/avr5/libc.a(strlen.o)
 .bss           0x0000000000000000        0x0 /opt/microchip/xc8/v3.00/avr/bin/../lib/gcc/avr/5.4.0/../../../../avr/lib/avr5/libc.a(strlen.o)
 .stack.descriptors
                0x0000000000000000       0x14 /opt/microchip/xc8/v3.00/avr/bin/../lib/gcc/avr/5.4.0/../../../../avr/lib/avr5/libc.a(strlen.o)
 .text          0x0000000000000000        0x0 /opt/microchip/xc8/v3.00/avr/bin/../lib/gcc/avr/5.4.0/../../../../avr/lib/avr5/libc.a(tolower.o)
 .data          0x0000000000000000        0x0 /opt/microchip/xc8/v3.00/avr/bin/../lib/gcc/avr/5.4.0/../../../../avr/lib/avr5/libc.a(tolower.o)
 .bss           0x0000000000000000        0x0 /opt/microchip/xc8/v3.00/avr/bin/../lib/gcc/avr/5.4.0/../../../../avr/lib/avr5/libc.a(tolower.o)
 .stack.descriptors
                0x0000000000000000       0x2e /opt/microchip/xc8/v3.00/avr/bin/../lib/gcc/avr/5.4.0/../../../../avr/lib/avr5/libc.a(tolower.o)
 .text.__tolower_l
                0x0000000000000000        0x6 /opt/microchip/xc8/v3.00/avr/bin/../lib/gcc/avr/5.4.0/../../../../avr/lib/avr5/libc.a(tolower.o)
 .text          0x0000000000000000        0x0 /opt/microchip/xc8/v3.00/avr/bin/../lib/gcc/avr/5.4.0/../../../../avr/lib/avr5/libc.a(toupper.o)
 .data          0x0000000000000000        0x0 /opt/microchip/xc8/v3.00/avr/bin/../lib/gcc/avr/5.4.0/../../../../avr/lib/avr5/libc.a(toupper.o)
 .bss           0x0000000000000000        0x0 /opt/microchip/xc8/v3.00/avr/bin/../lib/gcc/avr/5.4.0/../../../../avr/lib/avr5/libc.a(toupper.o)
 .stack.descriptors
                0x0000000000000000       0x2e /opt/microchip/xc8/v3.00/avr/bin/../lib/gcc/avr/5.4.0/../../../../avr/lib/avr5/libc.a(toupper.o)
 .text.__toupper_l
                0x0000000000000000        0x6 /opt/microchip/xc8/v3.00/avr/bin/../lib/gcc/avr/5.4.0/../../../../avr/lib/avr5/libc.a(toupper.o)
 .text          0x0000000000000000        0x0 /opt/microchip/xc8/v3.00/avr/bin/../lib/gcc/avr/5.4.0/../../../../avr/lib/avr5/libc.a(errno.o)
 .data          0x0000000000000000        0x0 /opt/microchip/xc8/v3.00/avr/bin/../lib/gcc/avr/5.4.0/../../../../avr/lib/avr5/libc.a(errno.o)
 .bss           0x0000000000000000        0x0 /opt/microchip/xc8/v3.00/avr/bin/../lib/gcc/avr/5.4.0/../../../../avr/lib/avr5/libc.a(errno.o)
 .text          0x0000000000000000        0x0 /opt/microchip/xc8/v3.00/avr/bin/../lib/gcc/avr/5.4.0/../../../../avr/lib/avr5/libc.a(_Exit.o)
 .data          0x0000000000000000        0x0 /opt/microchip/xc8/v3.00/avr/bin/../lib/gcc/avr/5.4.0/../../../../avr/lib/avr5/libc.a(_Exit.o)
 .bss           0x0000000000000000        0x0 /opt/microchip/xc8/v3.00/avr/bin/../lib/gcc/avr/5.4.0/../../../../avr/lib/avr5/libc.a(_Exit.o)
 .stack.descriptors
                0x0000000000000000       0x13 /opt/microchip/xc8/v3.00/avr/bin/../lib/gcc/avr/5.4.0/../../../../avr/lib/avr5/libc.a(_Exit.o)
 .text          0x0000000000000000        0x0 /opt/microchip/xc8/v3.00/avr/bin/../lib/gcc/avr/5.4.0/../../../../avr/lib/avr5/libc.a(__int_vfprintf.o)
 .data          0x0000000000000000        0x0 /opt/microchip/xc8/v3.00/avr/bin/../lib/gcc/avr/5.4.0/../../../../avr/lib/avr5/libc.a(__int_vfprintf.o)
 .bss           0x0000000000000000        0x0 /opt/microchip/xc8/v3.00/avr/bin/../lib/gcc/avr/5.4.0/../../../../avr/lib/avr5/libc.a(__int_vfprintf.o)
 .stack.descriptors
                0x0000000000000000       0x18 /opt/microchip/xc8/v3.00/avr/bin/../lib/gcc/avr/5.4.0/../../../../avr/lib/avr5/libc.a(__int_vfprintf.o)
 .text          0x0000000000000000        0x0 /opt/microchip/xc8/v3.00/avr/bin/../lib/gcc/avr/5.4.0/../../../../avr/lib/avr5/libc.a(__int_vsprintf.o)
 .data          0x0000000000000000        0x0 /opt/microchip/xc8/v3.00/avr/bin/../lib/gcc/avr/5.4.0/../../../../avr/lib/avr5/libc.a(__int_vsprintf.o)
 .bss           0x0000000000000000        0x0 /opt/microchip/xc8/v3.00/avr/bin/../lib/gcc/avr/5.4.0/../../../../avr/lib/avr5/libc.a(__int_vsprintf.o)
 .stack.descriptors
                0x0000000000000000       0x18 /opt/microchip/xc8/v3.00/avr/bin/../lib/gcc/avr/5.4.0/../../../../avr/lib/avr5/libc.a(__int_vsprintf.o)
 .text          0x0000000000000000        0x0 /opt/microchip/xc8/v3.00/avr/bin/../lib/gcc/avr/5.4.0/../../../../avr/lib/avr5/libc.a(__int_vsnprintf.o)
 .data          0x0000000000000000        0x0 /opt/microchip/xc8/v3.00/avr/bin/../lib/gcc/avr/5.4.0/../../../../avr/lib/avr5/libc.a(__int_vsnprintf.o)
 .bss           0x0000000000000000        0x0 /opt/microchip/xc8/v3.00/avr/bin/../lib/gcc/avr/5.4.0/../../../../avr/lib/avr5/libc.a(__int_vsnprintf.o)
 .stack.descriptors
                0x0000000000000000       0x19 /opt/microchip/xc8/v3.00/avr/bin/../lib/gcc/avr/5.4.0/../../../../avr/lib/avr5/libc.a(__int_vsnprintf.o)
 .text          0x0000000000000000        0x0 /opt/microchip/xc8/v3.00/avr/bin/../lib/gcc/avr/5.4.0/../../../../avr/lib/avr5/libc.a(fputs.o)
 .data          0x0000000000000000        0x0 /opt/microchip/xc8/v3.00/avr/bin/../lib/gcc/avr/5.4.0/../../../../avr/lib/avr5/libc.a(fputs.o)
 .bss           0x0000000000000000        0x0 /opt/microchip/xc8/v3.00/avr/bin/../lib/gcc/avr/5.4.0/../../../../avr/lib/avr5/libc.a(fputs.o)
 .stack.descriptors
                0x0000000000000000       0x13 /opt/microchip/xc8/v3.00/avr/bin/../lib/gcc/avr/5.4.0/../../../../avr/lib/avr5/libc.a(fputs.o)
 .text          0x0000000000000000        0x0 /opt/microchip/xc8/v3.00/avr/bin/../lib/gcc/avr/5.4.0/avr5/libgcc.a(_udivmodsi4.o)
 .data          0x0000000000000000        0x0 /opt/microchip/xc8/v3.00/avr/bin/../lib/gcc/avr/5.4.0/avr5/libgcc.a(_udivmodsi4.o)
 .bss           0x0000000000000000        0x0 /opt/microchip/xc8/v3.00/avr/bin/../lib/gcc/avr/5.4.0/avr5/libgcc.a(_udivmodsi4.o)
 .text.libgcc.mul
                0x0000000000000000        0x0 /opt/microchip/xc8/v3.00/avr/bin/../lib/gcc/avr/5.4.0/avr5/libgcc.a(_udivmodsi4.o)
 .stack.descriptors
                0x0000000000000000       0x1a /opt/microchip/xc8/v3.00/avr/bin/../lib/gcc/avr/5.4.0/avr5/libgcc.a(_udivmodsi4.o)
 .text.libgcc   0x0000000000000000        0x0 /opt/microchip/xc8/v3.00/avr/bin/../lib/gcc/avr/5.4.0/avr5/libgcc.a(_udivmodsi4.o)
 .text.libgcc.prologue
                0x0000000000000000        0x0 /opt/microchip/xc8/v3.00/avr/bin/../lib/gcc/avr/5.4.0/avr5/libgcc.a(_udivmodsi4.o)
 .text.libgcc.builtins
                0x0000000000000000        0x0 /opt/microchip/xc8/v3.00/avr/bin/../lib/gcc/avr/5.4.0/avr5/libgcc.a(_udivmodsi4.o)
 .text.libgcc.fmul
                0x0000000000000000        0x0 /opt/microchip/xc8/v3.00/avr/bin/../lib/gcc/avr/5.4.0/avr5/libgcc.a(_udivmodsi4.o)
 .text.libgcc.fixed
                0x0000000000000000        0x0 /opt/microchip/xc8/v3.00/avr/bin/../lib/gcc/avr/5.4.0/avr5/libgcc.a(_udivmodsi4.o)
 .text          0x0000000000000000        0x0 /opt/microchip/xc8/v3.00/avr/bin/../lib/gcc/avr/5.4.0/avr5/libgcc.a(_exit.o)
 .data          0x0000000000000000        0x0 /opt/microchip/xc8/v3.00/avr/bin/../lib/gcc/avr/5.4.0/avr5/libgcc.a(_exit.o)
 .bss           0x0000000000000000        0x0 /opt/microchip/xc8/v3.00/avr/bin/../lib/gcc/avr/5.4.0/avr5/libgcc.a(_exit.o)
 .text.libgcc.mul
                0x0000000000000000        0x0 /opt/microchip/xc8/v3.00/avr/bin/../lib/gcc/avr/5.4.0/avr5/libgcc.a(_exit.o)
 .text.libgcc.div
                0x0000000000000000        0x0 /opt/microchip/xc8/v3.00/avr/bin/../lib/gcc/avr/5.4.0/avr5/libgcc.a(_exit.o)
 .text.libgcc   0x0000000000000000        0x0 /opt/microchip/xc8/v3.00/avr/bin/../lib/gcc/avr/5.4.0/avr5/libgcc.a(_exit.o)
 .text.libgcc.prologue
                0x0000000000000000        0x0 /opt/microchip/xc8/v3.00/avr/bin/../lib/gcc/avr/5.4.0/avr5/libgcc.a(_exit.o)
 .stack.descriptors
                0x0000000000000000       0x13 /opt/microchip/xc8/v3.00/avr/bin/../lib/gcc/avr/5.4.0/avr5/libgcc.a(_exit.o)
 .text.libgcc.builtins
                0x0000000000000000        0x0 /opt/microchip/xc8/v3.00/avr/bin/../lib/gcc/avr/5.4.0/avr5/libgcc.a(_exit.o)
 .text.libgcc.fmul
                0x0000000000000000        0x0 /opt/microchip/xc8/v3.00/avr/bin/../lib/gcc/avr/5.4.0/avr5/libgcc.a(_exit.o)
 .text.libgcc.fixed
                0x0000000000000000        0x0 /opt/microchip/xc8/v3.00/avr/bin/../lib/gcc/avr/5.4.0/avr5/libgcc.a(_exit.o)
 .text          0x0000000000000000        0x0 /opt/microchip/xc8/v3.00/avr/bin/../lib/gcc/avr/5.4.0/avr5/libgcc.a(_prologue.o)
 .data          0x0000000000000000        0x0 /opt/microchip/xc8/v3.00/avr/bin/../lib/gcc/avr/5.4.0/avr5/libgcc.a(_prologue.o)
 .bss           0x0000000000000000        0x0 /opt/microchip/xc8/v3.00/avr/bin/../lib/gcc/avr/5.4.0/avr5/libgcc.a(_prologue.o)
 .text.libgcc.mul
                0x0000000000000000        0x0 /opt/microchip/xc8/v3.00/avr/bin/../lib/gcc/avr/5.4.0/avr5/libgcc.a(_prologue.o)
 .text.libgcc.div
                0x0000000000000000        0x0 /opt/microchip/xc8/v3.00/avr/bin/../lib/gcc/avr/5.4.0/avr5/libgcc.a(_prologue.o)
 .text.libgcc   0x0000000000000000        0x0 /opt/microchip/xc8/v3.00/avr/bin/../lib/gcc/avr/5.4.0/avr5/libgcc.a(_prologue.o)
 .text.libgcc.builtins
                0x0000000000000000        0x0 /opt/microchip/xc8/v3.00/avr/bin/../lib/gcc/avr/5.4.0/avr5/libgcc.a(_prologue.o)
 .text.libgcc.fmul
                0x0000000000000000        0x0 /opt/microchip/xc8/v3.00/avr/bin/../lib/gcc/avr/5.4.0/avr5/libgcc.a(_prologue.o)
 .text.libgcc.fixed
                0x0000000000000000        0x0 /opt/microchip/xc8/v3.00/avr/bin/../lib/gcc/avr/5.4.0/avr5/libgcc.a(_prologue.o)
 .text          0x0000000000000000        0x0 /opt/microchip/xc8/v3.00/avr/bin/../lib/gcc/avr/5.4.0/avr5/libgcc.a(_epilogue.o)
 .data          0x0000000000000000        0x0 /opt/microchip/xc8/v3.00/avr/bin/../lib/gcc/avr/5.4.0/avr5/libgcc.a(_epilogue.o)
 .bss           0x0000000000000000        0x0 /opt/microchip/xc8/v3.00/avr/bin/../lib/gcc/avr/5.4.0/avr5/libgcc.a(_epilogue.o)
 .text.libgcc.mul
                0x0000000000000000        0x0 /opt/microchip/xc8/v3.00/avr/bin/../lib/gcc/avr/5.4.0/avr5/libgcc.a(_epilogue.o)
 .text.libgcc.div
                0x0000000000000000        0x0 /opt/microchip/xc8/v3.00/avr/bin/../lib/gcc/avr/5.4.0/avr5/libgcc.a(_epilogue.o)
 .text.libgcc   0x0000000000000000        0x0 /opt/microchip/xc8/v3.00/avr/bin/../lib/gcc/avr/5.4.0/avr5/libgcc.a(_epilogue.o)
 .text.libgcc.builtins
                0x0000000000000000        0x0 /opt/microchip/xc8/v3.00/avr/bin/../lib/gcc/avr/5.4.0/avr5/libgcc.a(_epilogue.o)
 .text.libgcc.fmul
                0x0000000000000000        0x0 /opt/microchip/xc8/v3.00/avr/bin/../lib/gcc/avr/5.4.0/avr5/libgcc.a(_epilogue.o)
 .text.libgcc.fixed
                0x0000000000000000        0x0 /opt/microchip/xc8/v3.00/avr/bin/../lib/gcc/avr/5.4.0/avr5/libgcc.a(_epilogue.o)

Memory Configuration

Name             Origin             Length             Attributes
text             0x0000000000000000 0x0000000000008000 xr
data             0x0000000000800100 0x0000000000000800 rw !x
eeprom           0x0000000000810000 0x0000000000000400 rw !x
fuse             0x0000000000820000 0x0000000000000003 rw !x
lock             0x0000000000830000 0x0000000000000400 rw !x
signature        0x0000000000840000 0x0000000000000400 rw !x
user_signatures  0x0000000000850000 0x0000000000000400 rw !x
bootrow          0x0000000000860000 0x0000000000000400 rw !x
*default*        0x0000000000000000 0xffffffffffffffff

Linker script and memory map

Address of section .data set to 0x800100
LOAD /opt/microchip/mplabx/v6.20/packs/Microchip/ATmega_DFP/3.1.264/xc8/avr/lib/avr5/crtatmega328pb.o
                0x0000000000000001                __MPLAB_BUILD = 0x1
LOAD build/ISP/debug/main.o
LOAD build/ISP/debug/ssd1306.o
LOAD build/ISP/debug/twi.o
LOAD build/ISP/debug/Timer.o
LOAD build/ISP/debug/Timer0.o
LOAD build/ISP/debug/UART.o
LOAD build/ISP/debug/ExternalInterrupt.o
START GROUP
LOAD /opt/microchip/xc8/v3.00/avr/bin/../lib/gcc/avr/5.4.0/../../../../avr/lib/avr5/libm.a
END GROUP
                0x0000000000000001                __MPLAB_DEBUG = 0x1
                0x0000000000000001                __DEBUG = 0x1
START GROUP
LOAD /opt/microchip/xc8/v3.00/avr/bin/../lib/gcc/avr/5.4.0/avr5/libgcc.a
LOAD /opt/microchip/xc8/v3.00/avr/bin/../lib/gcc/avr/5.4.0/../../../../avr/lib/avr5/libm.a
LOAD /opt/microchip/xc8/v3.00/avr/bin/../lib/gcc/avr/5.4.0/../../../../avr/lib/avr5/libc.a
LOAD /opt/microchip/mplabx/v6.20/packs/Microchip/ATmega_DFP/3.1.264/xc8/avr/lib/avr5/libatmega328pb.a
END GROUP
                [0x0000000000000000]                __TEXT_REGION_ORIGIN__ = DEFINED (__TEXT_REGION_ORIGIN__)?__TEXT_REGION_ORIGIN__:0x0
                [0x0000000000800100]                __DATA_REGION_ORIGIN__ = DEFINED (__DATA_REGION_ORIGIN__)?__DATA_REGION_ORIGIN__:0x800060
                [0x0000000000008000]                __TEXT_REGION_LENGTH__ = DEFINED (__TEXT_REGION_LENGTH__)?__TEXT_REGION_LENGTH__:0x20000
                [0x0000000000000800]                __DATA_REGION_LENGTH__ = DEFINED (__DATA_REGION_LENGTH__)?__DATA_REGION_LENGTH__:0xffa0
                [0x0000000000000400]                __EEPROM_REGION_LENGTH__ = DEFINED (__EEPROM_REGION_LENGTH__)?__EEPROM_REGION_LENGTH__:0x10000
                [0x0000000000000003]                __FUSE_REGION_LENGTH__ = DEFINED (__FUSE_REGION_LENGTH__)?__FUSE_REGION_LENGTH__:0x400
                0x0000000000000400                __LOCK_REGION_LENGTH__ = DEFINED (__LOCK_REGION_LENGTH__)?__LOCK_REGION_LENGTH__:0x400
                0x0000000000000400                __SIGNATURE_REGION_LENGTH__ = DEFINED (__SIGNATURE_REGION_LENGTH__)?__SIGNATURE_REGION_LENGTH__:0x400
                0x0000000000000400                __USER_SIGNATURE_REGION_LENGTH__ = DEFINED (__USER_SIGNATURE_REGION_LENGTH__)?__USER_SIGNATURE_REGION_LENGTH__:0x400
                0x0000000000000400                __BOOTROW_REGION_LENGTH__ = DEFINED (__BOOTROW_REGION_LENGTH__)?__BOOTROW_REGION_LENGTH__:0x400

.hash
 *(.hash)

.dynsym
 *(.dynsym)

.dynstr
 *(.dynstr)

.gnu.version
 *(.gnu.version)

.gnu.version_d
 *(.gnu.version_d)

.gnu.version_r
 *(.gnu.version_r)

.rel.init
 *(.rel.init)

.rela.init
 *(.rela.init)

.rel.text
 *(.rel.text)
 *(.rel.text.*)
 *(.rel.gnu.linkonce.t*)

.rela.text
 *(.rela.text)
 *(.rela.text.*)
 *(.rela.gnu.linkonce.t*)

.rel.fini
 *(.rel.fini)

.rela.fini
 *(.rela.fini)

.rel.rodata
 *(.rel.rodata)
 *(.rel.rodata.*)
 *(.rel.gnu.linkonce.r*)

.rela.rodata
 *(.rela.rodata)
 *(.rela.rodata.*)
 *(.rela.gnu.linkonce.r*)

.rel.data
 *(.rel.data)
 *(.rel.data.*)
 *(.rel.gnu.linkonce.d*)

.rela.data
 *(.rela.data)
 *(.rela.data.*)
 *(.rela.gnu.linkonce.d*)

.rel.ctors
 *(.rel.ctors)

.rela.ctors
 *(.rela.ctors)

.rel.dtors
 *(.rel.dtors)

.rela.dtors
 *(.rela.dtors)

.rel.got
 *(.rel.got)

.rela.got
 *(.rela.got)

.rel.bss
 *(.rel.bss)

.rela.bss
 *(.rela.bss)

.rel.plt
 *(.rel.plt)

.rela.plt
 *(.rela.plt)

.text           0x0000000000000000      0x132
 *(.vectors)
 .vectors       0x0000000000000000       0xb4 /opt/microchip/mplabx/v6.20/packs/Microchip/ATmega_DFP/3.1.264/xc8/avr/lib/avr5/crtatmega328pb.o
                0x0000000000000000                __vectors
                0x0000000000000000                __vector_default
 *(.vectors)
 *(.progmem.gcc*)
 *(.dinit)
 .dinit         0x00000000000000b4       0x29 data_init
                0x00000000000000de                . = ALIGN (0x2)
 *fill*         0x00000000000000dd        0x1 
                0x00000000000000de                __trampolines_start = .
 *(.trampolines)
 .trampolines   0x00000000000000de        0x0 linker stubs
 *(.trampolines*)
                0x00000000000000de                __trampolines_end = .
 *libprintf_flt.a:*(.progmem.data)
 *libc.a:*(.progmem.data)
                0x00000000000000de                . = ALIGN (0x2)
 *(.jumptables)
 *(.jumptables*)
 *(.lowtext)
 *(.lowtext*)
                0x00000000000000de                __ctors_start = .
 *(.ctors)
                0x00000000000000de                __ctors_end = .
                0x00000000000000de                __dtors_start = .
 *(.dtors)
                0x00000000000000de                __dtors_end = .
 SORT(*)(.ctors)
 SORT(*)(.dtors)
 *(.init0)
 .init0         0x00000000000000de        0x0 /opt/microchip/mplabx/v6.20/packs/Microchip/ATmega_DFP/3.1.264/xc8/avr/lib/avr5/crtatmega328pb.o
                0x00000000000000de                __init
 *(.init0)
 *(.init1)
 *(.init1)
 *(.init2)
 .init2         0x00000000000000de        0xc /opt/microchip/mplabx/v6.20/packs/Microchip/ATmega_DFP/3.1.264/xc8/avr/lib/avr5/crtatmega328pb.o
 *(.init2)
 *(.init3)
 *(.init3)
 *(.init4)
 .init4         0x00000000000000ea       0x3c /opt/microchip/xc8/v3.00/avr/bin/../lib/gcc/avr/5.4.0/avr5/libgcc.a(_copy_data.o)
                0x00000000000000ea                __do_copy_data
                0x0000000000000118                __do_clear_bss
 *(.init4)
 *(.init5)
 *(.init5)
 *(.init6)
 *(.init6)
 *(.init7)
 *(.init7)
 *(.init8)
 *(.init8)
 *(.init9)
 .init9         0x0000000000000126        0x8 /opt/microchip/mplabx/v6.20/packs/Microchip/ATmega_DFP/3.1.264/xc8/avr/lib/avr5/crtatmega328pb.o
 *(.init9)
                0x000000000000012e                . = ALIGN (0x2)
 *(.fini9)
 .fini9         0x000000000000012e        0x0 /opt/microchip/xc8/v3.00/avr/bin/../lib/gcc/avr/5.4.0/avr5/libgcc.a(_exit.o)
                0x000000000000012e                _exit
 *(.fini9)
 *(.fini8)
 *(.fini8)
 *(.fini7)
 *(.fini7)
 *(.fini6)
 *(.fini6)
 *(.fini5)
 *(.fini5)
 *(.fini4)
 *(.fini4)
 *(.fini3)
 *(.fini3)
 *(.fini2)
 *(.fini2)
 *(.fini1)
 *(.fini1)
 *(.fini0)
 .fini0         0x000000000000012e        0x4 /opt/microchip/xc8/v3.00/avr/bin/../lib/gcc/avr/5.4.0/avr5/libgcc.a(_exit.o)
 *(.fini0)
                0x0000000000000132                _etext = .

.data           0x0000000000800100        0x0 load address 0x0000000000000132
                [!provide]                        PROVIDE (__data_start, .)
 *(.gnu.linkonce.d*)
 *(.gnu.linkonce.r*)
                0x0000000000800100                . = ALIGN (0x2)
                0x0000000000800100                _edata = .
                [!provide]                        PROVIDE (__data_end, .)

.bss            0x0000000000800100        0x2
                [!provide]                        PROVIDE (__bss_start, .)
 *(COMMON)
 COMMON         0x0000000000800100        0x2 /opt/microchip/xc8/v3.00/avr/bin/../lib/gcc/avr/5.4.0/../../../../avr/lib/avr5/libc.a(errno.o)
                0x0000000000800100                __errno_val
                [!provide]                        PROVIDE (__bss_end, .)
                0x0000000000000132                __data_load_start = LOADADDR (.data)
                0x0000000000000132                __data_load_end = (__data_load_start + SIZEOF (.data))

.noinit         0x0000000000800102        0x0
                [!provide]                        PROVIDE (__noinit_start, .)
 *(.noinit*)
                [!provide]                        PROVIDE (__noinit_end, .)
                0x0000000000800102                _end = .

.eeprom         0x0000000000810000        0x0
 *(.eeprom*)
                0x0000000000810000                __eeprom_end = .

.fuse
 *(.fuse)
 *(.lfuse)
 *(.hfuse)
 *(.efuse)

.lock
 *(.lock*)

.signature
 *(.signature*)

.user_signatures
 *(.user_signatures*)

.bootrow
 *(.bootrow*)

.stab
 *(.stab)

.stabstr
 *(.stabstr)

.stab.excl
 *(.stab.excl)

.stab.exclstr
 *(.stab.exclstr)

.stab.index
 *(.stab.index)

.stab.indexstr
 *(.stab.indexstr)

.comment        0x0000000000000000       0x5b
 *(.comment)
 .comment       0x0000000000000000       0x2f build/ISP/debug/main.o
                                         0x30 (size before relaxing)
 .comment       0x000000000000002f       0x30 build/ISP/debug/ssd1306.o
 .comment       0x000000000000002f       0x30 build/ISP/debug/twi.o
 .comment       0x000000000000002f       0x30 build/ISP/debug/Timer.o
 .comment       0x000000000000002f       0x30 build/ISP/debug/Timer0.o
 .comment       0x000000000000002f       0x30 build/ISP/debug/UART.o
 .comment       0x000000000000002f       0x30 build/ISP/debug/ExternalInterrupt.o
 .comment       0x000000000000002f       0x2c /opt/microchip/xc8/v3.00/avr/bin/../lib/gcc/avr/5.4.0/../../../../avr/lib/avr5/libc.a(exit.o)
                                         0x2d (size before relaxing)
 .comment       0x000000000000005b       0x2d /opt/microchip/xc8/v3.00/avr/bin/../lib/gcc/avr/5.4.0/../../../../avr/lib/avr5/libc.a(__sio_printf_dosux.o)
 .comment       0x000000000000005b       0x2d /opt/microchip/xc8/v3.00/avr/bin/../lib/gcc/avr/5.4.0/../../../../avr/lib/avr5/libc.a(__sio_printf_doux.o)
 .comment       0x000000000000005b       0x2d /opt/microchip/xc8/v3.00/avr/bin/../lib/gcc/avr/5.4.0/../../../../avr/lib/avr5/libc.a(__sio_sprintf_doux.o)
 .comment       0x000000000000005b       0x2d /opt/microchip/xc8/v3.00/avr/bin/../lib/gcc/avr/5.4.0/../../../../avr/lib/avr5/libc.a(__fmt_d.o)
 .comment       0x000000000000005b       0x2d /opt/microchip/xc8/v3.00/avr/bin/../lib/gcc/avr/5.4.0/../../../../avr/lib/avr5/libc.a(__fmt_o.o)
 .comment       0x000000000000005b       0x2d /opt/microchip/xc8/v3.00/avr/bin/../lib/gcc/avr/5.4.0/../../../../avr/lib/avr5/libc.a(__fmt_s.o)
 .comment       0x000000000000005b       0x2d /opt/microchip/xc8/v3.00/avr/bin/../lib/gcc/avr/5.4.0/../../../../avr/lib/avr5/libc.a(__fmt_u.o)
 .comment       0x000000000000005b       0x2d /opt/microchip/xc8/v3.00/avr/bin/../lib/gcc/avr/5.4.0/../../../../avr/lib/avr5/libc.a(__fmt_x.o)
 .comment       0x000000000000005b       0x2d /opt/microchip/xc8/v3.00/avr/bin/../lib/gcc/avr/5.4.0/../../../../avr/lib/avr5/libc.a(__pop_int.o)
 .comment       0x000000000000005b       0x2d /opt/microchip/xc8/v3.00/avr/bin/../lib/gcc/avr/5.4.0/../../../../avr/lib/avr5/libc.a(__printf_core.o)
 .comment       0x000000000000005b       0x2d /opt/microchip/xc8/v3.00/avr/bin/../lib/gcc/avr/5.4.0/../../../../avr/lib/avr5/libc.a(fputc.o)
 .comment       0x000000000000005b       0x2d /opt/microchip/xc8/v3.00/avr/bin/../lib/gcc/avr/5.4.0/../../../../avr/lib/avr5/libc.a(puts.o)
 .comment       0x000000000000005b       0x2d /opt/microchip/xc8/v3.00/avr/bin/../lib/gcc/avr/5.4.0/../../../../avr/lib/avr5/libc.a(stdout.o)
 .comment       0x000000000000005b       0x2d /opt/microchip/xc8/v3.00/avr/bin/../lib/gcc/avr/5.4.0/../../../../avr/lib/avr5/libc.a(strlen.o)
 .comment       0x000000000000005b       0x2d /opt/microchip/xc8/v3.00/avr/bin/../lib/gcc/avr/5.4.0/../../../../avr/lib/avr5/libc.a(tolower.o)
 .comment       0x000000000000005b       0x2d /opt/microchip/xc8/v3.00/avr/bin/../lib/gcc/avr/5.4.0/../../../../avr/lib/avr5/libc.a(toupper.o)
 .comment       0x000000000000005b       0x2d /opt/microchip/xc8/v3.00/avr/bin/../lib/gcc/avr/5.4.0/../../../../avr/lib/avr5/libc.a(errno.o)
 .comment       0x000000000000005b       0x2d /opt/microchip/xc8/v3.00/avr/bin/../lib/gcc/avr/5.4.0/../../../../avr/lib/avr5/libc.a(_Exit.o)
 .comment       0x000000000000005b       0x2d /opt/microchip/xc8/v3.00/avr/bin/../lib/gcc/avr/5.4.0/../../../../avr/lib/avr5/libc.a(__int_vfprintf.o)
 .comment       0x000000000000005b       0x2d /opt/microchip/xc8/v3.00/avr/bin/../lib/gcc/avr/5.4.0/../../../../avr/lib/avr5/libc.a(__int_vsprintf.o)
 .comment       0x000000000000005b       0x2d /opt/microchip/xc8/v3.00/avr/bin/../lib/gcc/avr/5.4.0/../../../../avr/lib/avr5/libc.a(__int_vsnprintf.o)
 .comment       0x000000000000005b       0x2d /opt/microchip/xc8/v3.00/avr/bin/../lib/gcc/avr/5.4.0/../../../../avr/lib/avr5/libc.a(fputs.o)

.stack.descriptors.hdr
                0x0000000000000000      0x15e
 .stack.descriptors.hdr
                0x0000000000000000        0xe /opt/microchip/xc8/v3.00/avr/bin/../lib/gcc/avr/5.4.0/../../../../avr/lib/avr5/libc.a(exit.o)
 .stack.descriptors.hdr
                0x000000000000000e        0xe /opt/microchip/xc8/v3.00/avr/bin/../lib/gcc/avr/5.4.0/../../../../avr/lib/avr5/libc.a(__sio_printf_dosux.o)
 .stack.descriptors.hdr
                0x000000000000001c        0xe /opt/microchip/xc8/v3.00/avr/bin/../lib/gcc/avr/5.4.0/../../../../avr/lib/avr5/libc.a(__sio_printf_doux.o)
 .stack.descriptors.hdr
                0x000000000000002a        0xe /opt/microchip/xc8/v3.00/avr/bin/../lib/gcc/avr/5.4.0/../../../../avr/lib/avr5/libc.a(__sio_sprintf_doux.o)
 .stack.descriptors.hdr
                0x0000000000000038        0xe /opt/microchip/xc8/v3.00/avr/bin/../lib/gcc/avr/5.4.0/../../../../avr/lib/avr5/libc.a(__fmt_d.o)
 .stack.descriptors.hdr
                0x0000000000000046        0xe /opt/microchip/xc8/v3.00/avr/bin/../lib/gcc/avr/5.4.0/../../../../avr/lib/avr5/libc.a(__fmt_o.o)
 .stack.descriptors.hdr
                0x0000000000000054        0xe /opt/microchip/xc8/v3.00/avr/bin/../lib/gcc/avr/5.4.0/../../../../avr/lib/avr5/libc.a(__fmt_s.o)
 .stack.descriptors.hdr
                0x0000000000000062        0xe /opt/microchip/xc8/v3.00/avr/bin/../lib/gcc/avr/5.4.0/../../../../avr/lib/avr5/libc.a(__fmt_u.o)
 .stack.descriptors.hdr
                0x0000000000000070        0xe /opt/microchip/xc8/v3.00/avr/bin/../lib/gcc/avr/5.4.0/../../../../avr/lib/avr5/libc.a(__fmt_x.o)
 .stack.descriptors.hdr
                0x000000000000007e        0xe /opt/microchip/xc8/v3.00/avr/bin/../lib/gcc/avr/5.4.0/../../../../avr/lib/avr5/libc.a(__pop_int.o)
 .stack.descriptors.hdr
                0x000000000000008c        0xe /opt/microchip/xc8/v3.00/avr/bin/../lib/gcc/avr/5.4.0/../../../../avr/lib/avr5/libc.a(__printf_core.o)
 .stack.descriptors.hdr
                0x000000000000009a        0xe /opt/microchip/xc8/v3.00/avr/bin/../lib/gcc/avr/5.4.0/../../../../avr/lib/avr5/libc.a(fputc.o)
 .stack.descriptors.hdr
                0x00000000000000a8        0xe /opt/microchip/xc8/v3.00/avr/bin/../lib/gcc/avr/5.4.0/../../../../avr/lib/avr5/libc.a(puts.o)
 .stack.descriptors.hdr
                0x00000000000000b6        0xe /opt/microchip/xc8/v3.00/avr/bin/../lib/gcc/avr/5.4.0/../../../../avr/lib/avr5/libc.a(stdout.o)
 .stack.descriptors.hdr
                0x00000000000000c4        0xe /opt/microchip/xc8/v3.00/avr/bin/../lib/gcc/avr/5.4.0/../../../../avr/lib/avr5/libc.a(strlen.o)
 .stack.descriptors.hdr
                0x00000000000000d2        0xe /opt/microchip/xc8/v3.00/avr/bin/../lib/gcc/avr/5.4.0/../../../../avr/lib/avr5/libc.a(tolower.o)
 .stack.descriptors.hdr
                0x00000000000000e0        0xe /opt/microchip/xc8/v3.00/avr/bin/../lib/gcc/avr/5.4.0/../../../../avr/lib/avr5/libc.a(toupper.o)
 .stack.descriptors.hdr
                0x00000000000000ee        0xe /opt/microchip/xc8/v3.00/avr/bin/../lib/gcc/avr/5.4.0/../../../../avr/lib/avr5/libc.a(errno.o)
 .stack.descriptors.hdr
                0x00000000000000fc        0xe /opt/microchip/xc8/v3.00/avr/bin/../lib/gcc/avr/5.4.0/../../../../avr/lib/avr5/libc.a(_Exit.o)
 .stack.descriptors.hdr
                0x000000000000010a        0xe /opt/microchip/xc8/v3.00/avr/bin/../lib/gcc/avr/5.4.0/../../../../avr/lib/avr5/libc.a(__int_vfprintf.o)
 .stack.descriptors.hdr
                0x0000000000000118        0xe /opt/microchip/xc8/v3.00/avr/bin/../lib/gcc/avr/5.4.0/../../../../avr/lib/avr5/libc.a(__int_vsprintf.o)
 .stack.descriptors.hdr
                0x0000000000000126        0xe /opt/microchip/xc8/v3.00/avr/bin/../lib/gcc/avr/5.4.0/../../../../avr/lib/avr5/libc.a(__int_vsnprintf.o)
 .stack.descriptors.hdr
                0x0000000000000134        0xe /opt/microchip/xc8/v3.00/avr/bin/../lib/gcc/avr/5.4.0/../../../../avr/lib/avr5/libc.a(fputs.o)
 .stack.descriptors.hdr
                0x0000000000000142        0xe /opt/microchip/xc8/v3.00/avr/bin/../lib/gcc/avr/5.4.0/avr5/libgcc.a(_udivmodsi4.o)
 .stack.descriptors.hdr
                0x0000000000000150        0xe /opt/microchip/xc8/v3.00/avr/bin/../lib/gcc/avr/5.4.0/avr5/libgcc.a(_exit.o)

.note.GNU-stack
                0x0000000000000000        0x0
 .note.GNU-stack
                0x0000000000000000        0x0 /opt/microchip/xc8/v3.00/avr/bin/../lib/gcc/avr/5.4.0/../../../../avr/lib/avr5/libc.a(exit.o)
 .note.GNU-stack
                0x0000000000000000        0x0 /opt/microchip/xc8/v3.00/avr/bin/../lib/gcc/avr/5.4.0/../../../../avr/lib/avr5/libc.a(__sio_printf_dosux.o)
 .note.GNU-stack
                0x0000000000000000        0x0 /opt/microchip/xc8/v3.00/avr/bin/../lib/gcc/avr/5.4.0/../../../../avr/lib/avr5/libc.a(__sio_printf_doux.o)
 .note.GNU-stack
                0x0000000000000000        0x0 /opt/microchip/xc8/v3.00/avr/bin/../lib/gcc/avr/5.4.0/../../../../avr/lib/avr5/libc.a(__sio_sprintf_doux.o)
 .note.GNU-stack
                0x0000000000000000        0x0 /opt/microchip/xc8/v3.00/avr/bin/../lib/gcc/avr/5.4.0/../../../../avr/lib/avr5/libc.a(__fmt_d.o)
 .note.GNU-stack
                0x0000000000000000        0x0 /opt/microchip/xc8/v3.00/avr/bin/../lib/gcc/avr/5.4.0/../../../../avr/lib/avr5/libc.a(__fmt_o.o)
 .note.GNU-stack
                0x0000000000000000        0x0 /opt/microchip/xc8/v3.00/avr/bin/../lib/gcc/avr/5.4.0/../../../../avr/lib/avr5/libc.a(__fmt_s.o)
 .note.GNU-stack
                0x0000000000000000        0x0 /opt/microchip/xc8/v3.00/avr/bin/../lib/gcc/avr/5.4.0/../../../../avr/lib/avr5/libc.a(__fmt_u.o)
 .note.GNU-stack
                0x0000000000000000        0x0 /opt/microchip/xc8/v3.00/avr/bin/../lib/gcc/avr/5.4.0/../../../../avr/lib/avr5/libc.a(__fmt_x.o)
 .note.GNU-stack
                0x0000000000000000        0x0 /opt/microchip/xc8/v3.00/avr/bin/../lib/gcc/avr/5.4.0/../../../../avr/lib/avr5/libc.a(__pop_int.o)
 .note.GNU-stack
                0x0000000000000000        0x0 /opt/microchip/xc8/v3.00/avr/bin/../lib/gcc/avr/5.4.0/../../../../avr/lib/avr5/libc.a(__printf_core.o)
 .note.GNU-stack
                0x0000000000000000        0x0 /opt/microchip/xc8/v3.00/avr/bin/../lib/gcc/avr/5.4.0/../../../../avr/lib/avr5/libc.a(fputc.o)
 .note.GNU-stack
                0x0000000000000000        0x0 /opt/microchip/xc8/v3.00/avr/bin/../lib/gcc/avr/5.4.0/../../../../avr/lib/avr5/libc.a(puts.o)
 .note.GNU-stack
                0x0000000000000000        0x0 /opt/microchip/xc8/v3.00/avr/bin/../lib/gcc/avr/5.4.0/../../../../avr/lib/avr5/libc.a(stdout.o)
 .note.GNU-stack
                0x0000000000000000        0x0 /opt/microchip/xc8/v3.00/avr/bin/../lib/gcc/avr/5.4.0/../../../../avr/lib/avr5/libc.a(strlen.o)
 .note.GNU-stack
                0x0000000000000000        0x0 /opt/microchip/xc8/v3.00/avr/bin/../lib/gcc/avr/5.4.0/../../../../avr/lib/avr5/libc.a(tolower.o)
 .note.GNU-stack
                0x0000000000000000        0x0 /opt/microchip/xc8/v3.00/avr/bin/../lib/gcc/avr/5.4.0/../../../../avr/lib/avr5/libc.a(toupper.o)
 .note.GNU-stack
                0x0000000000000000        0x0 /opt/microchip/xc8/v3.00/avr/bin/../lib/gcc/avr/5.4.0/../../../../avr/lib/avr5/libc.a(errno.o)
 .note.GNU-stack
                0x0000000000000000        0x0 /opt/microchip/xc8/v3.00/avr/bin/../lib/gcc/avr/5.4.0/../../../../avr/lib/avr5/libc.a(_Exit.o)
 .note.GNU-stack
                0x0000000000000000        0x0 /opt/microchip/xc8/v3.00/avr/bin/../lib/gcc/avr/5.4.0/../../../../avr/lib/avr5/libc.a(__int_vfprintf.o)
 .note.GNU-stack
                0x0000000000000000        0x0 /opt/microchip/xc8/v3.00/avr/bin/../lib/gcc/avr/5.4.0/../../../../avr/lib/avr5/libc.a(__int_vsprintf.o)
 .note.GNU-stack
                0x0000000000000000        0x0 /opt/microchip/xc8/v3.00/avr/bin/../lib/gcc/avr/5.4.0/../../../../avr/lib/avr5/libc.a(__int_vsnprintf.o)
 .note.GNU-stack
                0x0000000000000000        0x0 /opt/microchip/xc8/v3.00/avr/bin/../lib/gcc/avr/5.4.0/../../../../avr/lib/avr5/libc.a(fputs.o)

.note.gnu.build-id
 *(.note.gnu.build-id)

.debug
 *(.debug)

.line
 *(.line)

.debug_srcinfo
 *(.debug_srcinfo)

.debug_sfnames
 *(.debug_sfnames)

.debug_aranges  0x0000000000000000      0x230
 *(.debug_aranges)
 .debug_aranges
                0x0000000000000000       0x60 build/ISP/debug/main.o
 .debug_aranges
                0x0000000000000060       0xa0 build/ISP/debug/ssd1306.o
 .debug_aranges
                0x0000000000000100       0x48 build/ISP/debug/twi.o
 .debug_aranges
                0x0000000000000148       0x20 build/ISP/debug/Timer.o
 .debug_aranges
                0x0000000000000168       0x38 build/ISP/debug/Timer0.o
 .debug_aranges
                0x00000000000001a0       0x50 build/ISP/debug/UART.o
 .debug_aranges
                0x00000000000001f0       0x40 build/ISP/debug/ExternalInterrupt.o

.debug_pubnames
 *(.debug_pubnames)

.debug_info     0x0000000000000000     0x4533
 *(.debug_info .gnu.linkonce.wi.*)
 .debug_info    0x0000000000000000      0x8ea /opt/microchip/mplabx/v6.20/packs/Microchip/ATmega_DFP/3.1.264/xc8/avr/lib/avr5/crtatmega328pb.o
 .debug_info    0x00000000000008ea     0x126b build/ISP/debug/main.o
 .debug_info    0x0000000000001b55     0x136f build/ISP/debug/ssd1306.o
 .debug_info    0x0000000000002ec4      0x3b0 build/ISP/debug/twi.o
 .debug_info    0x0000000000003274      0x326 build/ISP/debug/Timer.o
 .debug_info    0x000000000000359a      0x475 build/ISP/debug/Timer0.o
 .debug_info    0x0000000000003a0f      0x58f build/ISP/debug/UART.o
 .debug_info    0x0000000000003f9e      0x595 build/ISP/debug/ExternalInterrupt.o

.debug_abbrev   0x0000000000000000     0x1103
 *(.debug_abbrev)
 .debug_abbrev  0x0000000000000000      0x86e /opt/microchip/mplabx/v6.20/packs/Microchip/ATmega_DFP/3.1.264/xc8/avr/lib/avr5/crtatmega328pb.o
 .debug_abbrev  0x000000000000086e      0x1b3 build/ISP/debug/main.o
 .debug_abbrev  0x0000000000000a21      0x222 build/ISP/debug/ssd1306.o
 .debug_abbrev  0x0000000000000c43       0x89 build/ISP/debug/twi.o
 .debug_abbrev  0x0000000000000ccc       0x90 build/ISP/debug/Timer.o
 .debug_abbrev  0x0000000000000d5c       0xe3 build/ISP/debug/Timer0.o
 .debug_abbrev  0x0000000000000e3f      0x18a build/ISP/debug/UART.o
 .debug_abbrev  0x0000000000000fc9      0x13a build/ISP/debug/ExternalInterrupt.o

.debug_line     0x0000000000000000     0x142e
 *(.debug_line .debug_line.* .debug_line_end)
 .debug_line    0x0000000000000000      0x1a6 /opt/microchip/mplabx/v6.20/packs/Microchip/ATmega_DFP/3.1.264/xc8/avr/lib/avr5/crtatmega328pb.o
 .debug_line    0x00000000000001a6      0x378 build/ISP/debug/main.o
 .debug_line    0x000000000000051e      0x859 build/ISP/debug/ssd1306.o
 .debug_line    0x0000000000000d77      0x1db build/ISP/debug/twi.o
 .debug_line    0x0000000000000f52       0x95 build/ISP/debug/Timer.o
 .debug_line    0x0000000000000fe7      0x127 build/ISP/debug/Timer0.o
 .debug_line    0x000000000000110e      0x195 build/ISP/debug/UART.o
 .debug_line    0x00000000000012a3      0x18b build/ISP/debug/ExternalInterrupt.o

.debug_frame    0x0000000000000000      0x610
 *(.debug_frame)
 .debug_frame   0x0000000000000000       0xe0 build/ISP/debug/main.o
 .debug_frame   0x00000000000000e0      0x218 build/ISP/debug/ssd1306.o
 .debug_frame   0x00000000000002f8       0x74 build/ISP/debug/twi.o
 .debug_frame   0x000000000000036c       0x24 build/ISP/debug/Timer.o
 .debug_frame   0x0000000000000390       0xb0 build/ISP/debug/Timer0.o
 .debug_frame   0x0000000000000440       0xdc build/ISP/debug/UART.o
 .debug_frame   0x000000000000051c       0xf4 build/ISP/debug/ExternalInterrupt.o

.debug_str      0x0000000000000000      0x50f
 *(.debug_str)
 .debug_str     0x0000000000000000      0x318 /opt/microchip/mplabx/v6.20/packs/Microchip/ATmega_DFP/3.1.264/xc8/avr/lib/avr5/crtatmega328pb.o
 .debug_str     0x0000000000000318      0x13a build/ISP/debug/main.o
 .debug_str     0x0000000000000452       0x62 build/ISP/debug/ssd1306.o
 .debug_str     0x00000000000004b4        0x8 build/ISP/debug/twi.o
 .debug_str     0x00000000000004bc        0x0 build/ISP/debug/Timer.o
 .debug_str     0x00000000000004bc       0x1b build/ISP/debug/Timer0.o
 .debug_str     0x00000000000004d7        0x0 build/ISP/debug/UART.o
 .debug_str     0x00000000000004d7       0x38 build/ISP/debug/ExternalInterrupt.o

.debug_loc      0x0000000000000000     0x15fa
 *(.debug_loc)
 .debug_loc     0x0000000000000000       0xfb build/ISP/debug/main.o
 .debug_loc     0x00000000000000fb     0x10f6 build/ISP/debug/ssd1306.o
 .debug_loc     0x00000000000011f1      0x147 build/ISP/debug/twi.o
 .debug_loc     0x0000000000001338      0x13c build/ISP/debug/Timer.o
 .debug_loc     0x0000000000001474       0x6e build/ISP/debug/Timer0.o
 .debug_loc     0x00000000000014e2       0x3e build/ISP/debug/UART.o
 .debug_loc     0x0000000000001520       0xda build/ISP/debug/ExternalInterrupt.o

.debug_macinfo
 *(.debug_macinfo)

.debug_weaknames
 *(.debug_weaknames)

.debug_funcnames
 *(.debug_funcnames)

.debug_typenames
 *(.debug_typenames)

.debug_varnames
 *(.debug_varnames)

.debug_pubtypes
 *(.debug_pubtypes)

.debug_ranges   0x0000000000000000      0x1d8
 *(.debug_ranges)
 .debug_ranges  0x0000000000000000       0x50 build/ISP/debug/main.o
 .debug_ranges  0x0000000000000050       0xa8 build/ISP/debug/ssd1306.o
 .debug_ranges  0x00000000000000f8       0x38 build/ISP/debug/twi.o
 .debug_ranges  0x0000000000000130       0x10 build/ISP/debug/Timer.o
 .debug_ranges  0x0000000000000140       0x28 build/ISP/debug/Timer0.o
 .debug_ranges  0x0000000000000168       0x40 build/ISP/debug/UART.o
 .debug_ranges  0x00000000000001a8       0x30 build/ISP/debug/ExternalInterrupt.o

.debug_macro
 *(.debug_macro)
OUTPUT(dist/ISP/debug/DisplayTest.X.debug.elf elf32-avr)
LOAD linker stubs
LOAD data_init

.note.gnu.avr.deviceinfo
                0x0000000000000000       0x40
 .note.gnu.avr.deviceinfo
                0x0000000000000000       0x40 /opt/microchip/mplabx/v6.20/packs/Microchip/ATmega_DFP/3.1.264/xc8/avr/lib/avr5/crtatmega328pb.o

.bss.NumberOfTimerInterrupts
                0x0000000000800380        0x4
 .bss.NumberOfTimerInterrupts
                0x0000000000800380        0x4 build/ISP/debug/main.o

.bss.DisplayErrorTestTimeout
                0x000000000080039c        0x1
 .bss.DisplayErrorTestTimeout
                0x000000000080039c        0x1 build/ISP/debug/main.o

.bss.DisplayStartUpWaitTime
                0x000000000080039d        0x1
 .bss.DisplayStartUpWaitTime
                0x000000000080039d        0x1 build/ISP/debug/main.o

.bss.NumberOfExternalInterruptsOnPin0FromCallback
                0x0000000000800388        0x2
 .bss.NumberOfExternalInterruptsOnPin0FromCallback
                0x0000000000800388        0x2 build/ISP/debug/main.o

.bss.NumberOfExternalInterruptsOnPin0
                0x000000000080038a        0x2
 .bss.NumberOfExternalInterruptsOnPin0
                0x000000000080038a        0x2 build/ISP/debug/main.o

.bss.I2CDisplayErrorFound
                0x000000000080039e        0x1
 .bss.I2CDisplayErrorFound
                0x000000000080039e        0x1 build/ISP/debug/main.o

.bss.I2CDisplayStatusOperation
                0x000000000080039f        0x1
 .bss.I2CDisplayStatusOperation
                0x000000000080039f        0x1 build/ISP/debug/main.o

.bss.I2CDisplayStatus
                0x00000000008003a0        0x1
 .bss.I2CDisplayStatus
                0x00000000008003a0        0x1 build/ISP/debug/main.o

.bss.PrintOutInfo
                0x00000000008003a2        0x1
 .bss.PrintOutInfo
                0x00000000008003a2        0x1 build/ISP/debug/main.o

.bss.DisplaySetupTimeInRAM
                0x00000000008003a3        0x1
 .bss.DisplaySetupTimeInRAM
                0x00000000008003a3        0x1 build/ISP/debug/main.o

.bss._indexPage
                0x000000000080038c        0x2
 .bss._indexPage
                0x000000000080038c        0x2 build/ISP/debug/ssd1306.o
                0x000000000080038c                _indexPage

.bss._indexCol  0x000000000080038e        0x2
 .bss._indexCol
                0x000000000080038e        0x2 build/ISP/debug/ssd1306.o
                0x000000000080038e                _indexCol

.bss.NumberOfTimer0OverflowInterrupts
                0x0000000000800384        0x4
 .bss.NumberOfTimer0OverflowInterrupts
                0x0000000000800384        0x4 build/ISP/debug/Timer0.o

.bss.Callback_Function_Pointer
                0x0000000000800390        0x2
 .bss.Callback_Function_Pointer
                0x0000000000800390        0x2 build/ISP/debug/Timer0.o

.bss.Timer0OverflowCounter
                0x0000000000800392        0x2
 .bss.Timer0OverflowCounter
                0x0000000000800392        0x2 build/ISP/debug/Timer0.o

.bss.Timer0OverflowValue
                0x0000000000800394        0x2
 .bss.Timer0OverflowValue
                0x0000000000800394        0x2 build/ISP/debug/Timer0.o

.bss.Callback_Function_Pointer
                0x0000000000800396        0x2
 .bss.Callback_Function_Pointer
                0x0000000000800396        0x2 build/ISP/debug/UART.o

.bss.__stdout   0x000000000080039a        0x2
 .bss.__stdout  0x000000000080039a        0x2 /opt/microchip/xc8/v3.00/avr/bin/../lib/gcc/avr/5.4.0/../../../../avr/lib/avr5/libc.a(stdout.o)

progmem.data.FONTS
                0x0000000000000132      0x1e0
 progmem.data.FONTS
                0x0000000000000132      0x1e0 build/ISP/debug/ssd1306.o

progmem.data.INIT_SSD1306
                0x0000000000000312       0x2c
 progmem.data.INIT_SSD1306
                0x0000000000000312       0x2c build/ISP/debug/ssd1306.o
                0x0000000000000312                INIT_SSD1306

.text.vfpfcnvrt
                0x000000000000033e      0x3fc
 .text.vfpfcnvrt
                0x000000000000033e      0x3fc /opt/microchip/xc8/v3.00/avr/bin/../lib/gcc/avr/5.4.0/../../../../avr/lib/avr5/libc.a(__printf_core.o)
                0x000000000000033e                vfpfcnvrt

.text.main      0x000000000000073a      0x280
 .text.main     0x000000000000073a      0x280 build/ISP/debug/main.o
                0x000000000000073a                main

.text.__fmt_x   0x00000000000009ba      0x1dc
 .text.__fmt_x  0x00000000000009ba      0x1dc /opt/microchip/xc8/v3.00/avr/bin/../lib/gcc/avr/5.4.0/../../../../avr/lib/avr5/libc.a(__fmt_x.o)
                0x00000000000009ba                __fmt_x
                0x00000000000009ba                __fmt_x_needed

.text.SSD1306_DrawChar
                0x0000000000000b96      0x14c
 .text.SSD1306_DrawChar
                0x0000000000000b96      0x14c build/ISP/debug/ssd1306.o
                0x0000000000000b96                SSD1306_DrawChar

.text.__fmt_d   0x0000000000000ce2       0xe4
 .text.__fmt_d  0x0000000000000ce2       0xe4 /opt/microchip/xc8/v3.00/avr/bin/../lib/gcc/avr/5.4.0/../../../../avr/lib/avr5/libc.a(__fmt_d.o)
                0x0000000000000ce2                __fmt_d_needed
                0x0000000000000ce2                __fmt_d

.text.__pop_int
                0x0000000000000dc6       0xd0
 .text.__pop_int
                0x0000000000000dc6       0xd0 /opt/microchip/xc8/v3.00/avr/bin/../lib/gcc/avr/5.4.0/../../../../avr/lib/avr5/libc.a(__pop_int.o)
                0x0000000000000dc6                __pop_int
                0x0000000000000dc6                __pop_int_needed

.text.__cvt_u   0x0000000000000e96       0xca
 .text.__cvt_u  0x0000000000000e96       0xca /opt/microchip/xc8/v3.00/avr/bin/../lib/gcc/avr/5.4.0/../../../../avr/lib/avr5/libc.a(__fmt_u.o)
                0x0000000000000e96                __cvt_u

.text.__vector_16
                0x0000000000000f60       0xb4
 .text.__vector_16
                0x0000000000000f60       0xb4 build/ISP/debug/Timer0.o
                0x0000000000000f60                __vector_16

.text.__fmt_o   0x0000000000001014       0xb2
 .text.__fmt_o  0x0000000000001014       0xb2 /opt/microchip/xc8/v3.00/avr/bin/../lib/gcc/avr/5.4.0/../../../../avr/lib/avr5/libc.a(__fmt_o.o)
                0x0000000000001014                __fmt_o_needed
                0x0000000000001014                __fmt_o

.text.SSD1306_Init
                0x00000000000010c6       0xae
 .text.SSD1306_Init
                0x00000000000010c6       0xae build/ISP/debug/ssd1306.o
                0x00000000000010c6                SSD1306_Init

.text.fputc     0x0000000000001174       0x98
 .text.fputc    0x0000000000001174       0x98 /opt/microchip/xc8/v3.00/avr/bin/../lib/gcc/avr/5.4.0/../../../../avr/lib/avr5/libc.a(fputc.o)
                0x0000000000001174                putc
                0x0000000000001174                fputc

.text.__fmt_u   0x000000000000120c       0x8e
 .text.__fmt_u  0x000000000000120c       0x8e /opt/microchip/xc8/v3.00/avr/bin/../lib/gcc/avr/5.4.0/../../../../avr/lib/avr5/libc.a(__fmt_u.o)
                0x000000000000120c                __fmt_u
                0x000000000000120c                __fmt_u_needed

.text.SSD1306_SetWindow
                0x000000000000129a       0x82
 .text.SSD1306_SetWindow
                0x000000000000129a       0x82 build/ISP/debug/ssd1306.o
                0x000000000000129a                SSD1306_SetWindow

.text.SSD1306_ClearScreen
                0x000000000000131c       0x7e
 .text.SSD1306_ClearScreen
                0x000000000000131c       0x7e build/ISP/debug/ssd1306.o
                0x000000000000131c                SSD1306_ClearScreen

.text.__printf_core
                0x000000000000139a       0x78
 .text.__printf_core
                0x000000000000139a       0x78 /opt/microchip/xc8/v3.00/avr/bin/../lib/gcc/avr/5.4.0/../../../../avr/lib/avr5/libc.a(__printf_core.o)
                0x000000000000139a                __printf_core

.text.__vsnprintf
                0x0000000000001412       0x74
 .text.__vsnprintf
                0x0000000000001412       0x74 /opt/microchip/xc8/v3.00/avr/bin/../lib/gcc/avr/5.4.0/../../../../avr/lib/avr5/libc.a(__int_vsnprintf.o)
                0x0000000000001412                __vsnprintf

.text.__pad     0x0000000000001486       0x72
 .text.__pad    0x0000000000001486       0x72 /opt/microchip/xc8/v3.00/avr/bin/../lib/gcc/avr/5.4.0/../../../../avr/lib/avr5/libc.a(__printf_core.o)
                0x0000000000001486                __pad

.text.AttachAndEnableExternalInterrupt
                0x00000000000014f8       0x70
 .text.AttachAndEnableExternalInterrupt
                0x00000000000014f8       0x70 build/ISP/debug/ExternalInterrupt.o
                0x00000000000014f8                AttachAndEnableExternalInterrupt

.text.__vector_2
                0x0000000000001568       0x6c
 .text.__vector_2
                0x0000000000001568       0x6c build/ISP/debug/ExternalInterrupt.o
                0x0000000000001568                __vector_2

.text.__vector_1
                0x00000000000015d4       0x6a
 .text.__vector_1
                0x00000000000015d4       0x6a build/ISP/debug/ExternalInterrupt.o
                0x00000000000015d4                __vector_1

.text.__vector_18
                0x000000000000163e       0x66
 .text.__vector_18
                0x000000000000163e       0x66 build/ISP/debug/UART.o
                0x000000000000163e                __vector_18

.text.fputs     0x00000000000016a4       0x64
 .text.fputs    0x00000000000016a4       0x64 /opt/microchip/xc8/v3.00/avr/bin/../lib/gcc/avr/5.4.0/../../../../avr/lib/avr5/libc.a(fputs.o)
                0x00000000000016a4                fputs_unlocked
                0x00000000000016a4                fputs

.text.read_prec_or_width
                0x0000000000001708       0x5c
 .text.read_prec_or_width
                0x0000000000001708       0x5c /opt/microchip/xc8/v3.00/avr/bin/../lib/gcc/avr/5.4.0/../../../../avr/lib/avr5/libc.a(__printf_core.o)

.text.PrintDisplayCodeOnUART
                0x0000000000001764       0x56
 .text.PrintDisplayCodeOnUART
                0x0000000000001764       0x56 build/ISP/debug/main.o
                0x0000000000001764                PrintDisplayCodeOnUART

.text.__fmt_s   0x00000000000017ba       0x54
 .text.__fmt_s  0x00000000000017ba       0x54 /opt/microchip/xc8/v3.00/avr/bin/../lib/gcc/avr/5.4.0/../../../../avr/lib/avr5/libc.a(__fmt_s.o)
                0x00000000000017ba                __fmt_s_needed
                0x00000000000017ba                __fmt_s
                0x00000000000017ba                __fmt_0_needed

.text.GetBitValuesForClockSelect
                0x000000000000180e       0x52
 .text.GetBitValuesForClockSelect
                0x000000000000180e       0x52 build/ISP/debug/Timer.o
                0x000000000000180e                GetBitValuesForClockSelect

.text.Setup_Timer0_Overflow_Interrupt
                0x0000000000001860       0x4a
 .text.Setup_Timer0_Overflow_Interrupt
                0x0000000000001860       0x4a build/ISP/debug/Timer0.o
                0x0000000000001860                Setup_Timer0_Overflow_Interrupt

.text.TWI_MT_Start
                0x00000000000018aa       0x46
 .text.TWI_MT_Start
                0x00000000000018aa       0x46 build/ISP/debug/twi.o
                0x00000000000018aa                TWI_MT_Start

.text.SSD1306_UpdatePosition
                0x00000000000018f0       0x44
 .text.SSD1306_UpdatePosition
                0x00000000000018f0       0x44 build/ISP/debug/ssd1306.o
                0x00000000000018f0                SSD1306_UpdatePosition

.text.libgcc.div
                0x0000000000001934       0x44
 .text.libgcc.div
                0x0000000000001934       0x44 /opt/microchip/xc8/v3.00/avr/bin/../lib/gcc/avr/5.4.0/avr5/libgcc.a(_udivmodsi4.o)
                0x0000000000001934                __udivmodsi4

.text.__fmt_state
                0x0000000000001978       0x40
 .text.__fmt_state
                0x0000000000001978       0x40 /opt/microchip/xc8/v3.00/avr/bin/../lib/gcc/avr/5.4.0/../../../../avr/lib/avr5/libc.a(__printf_core.o)
                0x0000000000001978                __fmt_state

.text.ReceiveTimeOutValueCounterInit
                0x00000000000019b8       0x3e
 .text.ReceiveTimeOutValueCounterInit
                0x00000000000019b8       0x3e build/ISP/debug/main.o
                0x00000000000019b8                ReceiveTimeOutValueCounterInit

.text.__out     0x00000000000019f6       0x3a
 .text.__out    0x00000000000019f6       0x3a /opt/microchip/xc8/v3.00/avr/bin/../lib/gcc/avr/5.4.0/../../../../avr/lib/avr5/libc.a(__printf_core.o)
                0x00000000000019f6                __out

.text.libgcc.prologue
                0x0000000000001a30       0x38
 .text.libgcc.prologue
                0x0000000000001a30       0x38 /opt/microchip/xc8/v3.00/avr/bin/../lib/gcc/avr/5.4.0/avr5/libgcc.a(_prologue.o)
                0x0000000000001a30                __prologue_saves__

.text.SSD1306_DrawString
                0x0000000000001a68       0x36
 .text.SSD1306_DrawString
                0x0000000000001a68       0x36 build/ISP/debug/ssd1306.o
                0x0000000000001a68                SSD1306_DrawString

.text.libgcc.prologue
                0x0000000000001a9e       0x36
 .text.libgcc.prologue
                0x0000000000001a9e       0x36 /opt/microchip/xc8/v3.00/avr/bin/../lib/gcc/avr/5.4.0/avr5/libgcc.a(_epilogue.o)
                0x0000000000001a9e                __epilogue_restores__

.text.TWI_MT_Send_SLAW
                0x0000000000001ad4       0x34
 .text.TWI_MT_Send_SLAW
                0x0000000000001ad4       0x34 build/ISP/debug/twi.o
                0x0000000000001ad4                TWI_MT_Send_SLAW

.text.TWI_MT_Send_Data
                0x0000000000001b08       0x32
 .text.TWI_MT_Send_Data
                0x0000000000001b08       0x32 build/ISP/debug/twi.o
                0x0000000000001b08                TWI_MT_Send_Data

.text.__wrap_printf
                0x0000000000001b3a       0x30
 .text.__wrap_printf
                0x0000000000001b3a       0x30 /opt/microchip/xc8/v3.00/avr/bin/../lib/gcc/avr/5.4.0/../../../../avr/lib/avr5/libc.a(__sio_printf_dosux.o)
                0x0000000000001b3a                _printf_cdopsuxX

.text.__wrap_printf
                0x0000000000001b6a       0x30
 .text.__wrap_printf
                0x0000000000001b6a       0x30 /opt/microchip/xc8/v3.00/avr/bin/../lib/gcc/avr/5.4.0/../../../../avr/lib/avr5/libc.a(__sio_printf_doux.o)
                0x0000000000001b6a                _printf_cdopuxX

.text.__vfprintf
                0x0000000000001b9a       0x30
 .text.__vfprintf
                0x0000000000001b9a       0x30 /opt/microchip/xc8/v3.00/avr/bin/../lib/gcc/avr/5.4.0/../../../../avr/lib/avr5/libc.a(__int_vfprintf.o)
                0x0000000000001b9a                __vfprintf

.text.ExternalInterruptFunction_0
                0x0000000000001bca       0x24
 .text.ExternalInterruptFunction_0
                0x0000000000001bca       0x24 build/ISP/debug/main.o
                0x0000000000001bca                ExternalInterruptFunction_0

.text.__wrap_sprintf
                0x0000000000001bee       0x24
 .text.__wrap_sprintf
                0x0000000000001bee       0x24 /opt/microchip/xc8/v3.00/avr/bin/../lib/gcc/avr/5.4.0/../../../../avr/lib/avr5/libc.a(__sio_sprintf_doux.o)
                0x0000000000001bee                _sprintf_cdopuxX

.text.RS232Init
                0x0000000000001c12       0x20
 .text.RS232Init
                0x0000000000001c12       0x20 build/ISP/debug/UART.o
                0x0000000000001c12                RS232Init

.text.strlen    0x0000000000001c32       0x1c
 .text.strlen   0x0000000000001c32       0x1c /opt/microchip/xc8/v3.00/avr/bin/../lib/gcc/avr/5.4.0/../../../../avr/lib/avr5/libc.a(strlen.o)
                0x0000000000001c32                strlen

.text.ReceiveTimerSecondsValue
                0x0000000000001c4e       0x18
 .text.ReceiveTimerSecondsValue
                0x0000000000001c4e       0x18 build/ISP/debug/main.o
                0x0000000000001c4e                ReceiveTimerSecondsValue

.text.SSD1306_Send_Command
                0x0000000000001c66       0x18
 .text.SSD1306_Send_Command
                0x0000000000001c66       0x18 build/ISP/debug/ssd1306.o
                0x0000000000001c66                SSD1306_Send_Command

.text.TWI_Init  0x0000000000001c7e       0x18
 .text.TWI_Init
                0x0000000000001c7e       0x18 build/ISP/debug/twi.o
                0x0000000000001c7e                TWI_Init

.text.SSD1306_Send_StartAndSLAW
                0x0000000000001c96       0x16
 .text.SSD1306_Send_StartAndSLAW
                0x0000000000001c96       0x16 build/ISP/debug/ssd1306.o
                0x0000000000001c96                SSD1306_Send_StartAndSLAW

.text.exit      0x0000000000001cac       0x16
 .text.exit     0x0000000000001cac       0x16 /opt/microchip/xc8/v3.00/avr/bin/../lib/gcc/avr/5.4.0/../../../../avr/lib/avr5/libc.a(exit.o)
                0x0000000000001cac                exit

.text.uart_putch
                0x0000000000001cc2       0x14
 .text.uart_putch
                0x0000000000001cc2       0x14 build/ISP/debug/UART.o
                0x0000000000001cc2                uart_putch

.text.SetupOutputStreamToUart
                0x0000000000001cd6       0x12
 .text.SetupOutputStreamToUart
                0x0000000000001cd6       0x12 build/ISP/debug/UART.o
                0x0000000000001cd6                SetupOutputStreamToUart

.text.puts      0x0000000000001ce8       0x12
 .text.puts     0x0000000000001ce8       0x12 /opt/microchip/xc8/v3.00/avr/bin/../lib/gcc/avr/5.4.0/../../../../avr/lib/avr5/libc.a(puts.o)
                0x0000000000001ce8                puts

.text.toupper   0x0000000000001cfa       0x12
 .text.toupper  0x0000000000001cfa       0x12 /opt/microchip/xc8/v3.00/avr/bin/../lib/gcc/avr/5.4.0/../../../../avr/lib/avr5/libc.a(toupper.o)
                0x0000000000001cfa                toupper

.text.tolower   0x0000000000001d0c       0x10
 .text.tolower  0x0000000000001d0c       0x10 /opt/microchip/xc8/v3.00/avr/bin/../lib/gcc/avr/5.4.0/../../../../avr/lib/avr5/libc.a(tolower.o)
                0x0000000000001d0c                tolower

.text.__vsprintf
                0x0000000000001d1c        0xe
 .text.__vsprintf
                0x0000000000001d1c        0xe /opt/microchip/xc8/v3.00/avr/bin/../lib/gcc/avr/5.4.0/../../../../avr/lib/avr5/libc.a(__int_vsprintf.o)
                0x0000000000001d1c                __vsprintf

.text.SSD1306_SetPosition
                0x0000000000001d2a        0xc
 .text.SSD1306_SetPosition
                0x0000000000001d2a        0xc build/ISP/debug/ssd1306.o
                0x0000000000001d2a                SSD1306_SetPosition

.text.Enable_Timer0_Overflow_Interrupt
                0x0000000000001d36        0xc
 .text.Enable_Timer0_Overflow_Interrupt
                0x0000000000001d36        0xc build/ISP/debug/Timer0.o
                0x0000000000001d36                Enable_Timer0_Overflow_Interrupt

.text.Disable_Timer0_Overflow_Interrupt
                0x0000000000001d42        0xc
 .text.Disable_Timer0_Overflow_Interrupt
                0x0000000000001d42        0xc build/ISP/debug/Timer0.o
                0x0000000000001d42                Disable_Timer0_Overflow_Interrupt

.text.Enable_UART_Receive_Interrupt
                0x0000000000001d4e        0xc
 .text.Enable_UART_Receive_Interrupt
                0x0000000000001d4e        0xc build/ISP/debug/UART.o
                0x0000000000001d4e                Enable_UART_Receive_Interrupt

.text.SetupUARTFunctionCallbackPointer
                0x0000000000001d5a        0xa
 .text.SetupUARTFunctionCallbackPointer
                0x0000000000001d5a        0xa build/ISP/debug/UART.o
                0x0000000000001d5a                SetupUARTFunctionCallbackPointer

.text.ReceiveTimeoutValueErrorTest
                0x0000000000001d64        0x8
 .text.ReceiveTimeoutValueErrorTest
                0x0000000000001d64        0x8 build/ISP/debug/main.o
                0x0000000000001d64                ReceiveTimeoutValueErrorTest

.text.TestI2CDisplayStatus
                0x0000000000001d6c        0x8
 .text.TestI2CDisplayStatus
                0x0000000000001d6c        0x8 build/ISP/debug/main.o
                0x0000000000001d6c                TestI2CDisplayStatus

.text.TWI_Stop  0x0000000000001d74        0x8
 .text.TWI_Stop
                0x0000000000001d74        0x8 build/ISP/debug/twi.o
                0x0000000000001d74                TWI_Stop

.text           0x0000000000001d7c        0x4
 .text          0x0000000000001d7c        0x4 /opt/microchip/mplabx/v6.20/packs/Microchip/ATmega_DFP/3.1.264/xc8/avr/lib/avr5/crtatmega328pb.o
                0x0000000000001d7c                __vector_38
                0x0000000000001d7c                __vector_22
                0x0000000000001d7c                __vector_28
                0x0000000000001d7c                __vector_32
                0x0000000000001d7c                __vector_34
                0x0000000000001d7c                __vector_12
                0x0000000000001d7c                __bad_interrupt
                0x0000000000001d7c                __vector_6
                0x0000000000001d7c                __vector_31
                0x0000000000001d7c                __vector_35
                0x0000000000001d7c                __vector_39
                0x0000000000001d7c                __vector_3
                0x0000000000001d7c                __vector_23
                0x0000000000001d7c                __vector_30
                0x0000000000001d7c                __vector_25
                0x0000000000001d7c                __vector_11
                0x0000000000001d7c                __vector_13
                0x0000000000001d7c                __vector_17
                0x0000000000001d7c                __vector_19
                0x0000000000001d7c                __vector_7
                0x0000000000001d7c                __vector_41
                0x0000000000001d7c                __vector_43
                0x0000000000001d7c                __vector_27
                0x0000000000001d7c                __vector_5
                0x0000000000001d7c                __vector_33
                0x0000000000001d7c                __vector_37
                0x0000000000001d7c                __vector_4
                0x0000000000001d7c                __vector_44
                0x0000000000001d7c                __vector_9
                0x0000000000001d7c                __vector_21
                0x0000000000001d7c                __vector_15
                0x0000000000001d7c                __vector_36
                0x0000000000001d7c                __vector_29
                0x0000000000001d7c                __vector_40
                0x0000000000001d7c                __vector_8
                0x0000000000001d7c                __vector_26
                0x0000000000001d7c                __vector_14
                0x0000000000001d7c                __vector_10
                0x0000000000001d7c                __vector_20
                0x0000000000001d7c                __vector_42

.text._Exit     0x0000000000001d80        0x4
 .text._Exit    0x0000000000001d80        0x4 /opt/microchip/xc8/v3.00/avr/bin/../lib/gcc/avr/5.4.0/../../../../avr/lib/avr5/libc.a(_Exit.o)
                0x0000000000001d80                _Exit

.text.TreatUartReceivedCharAccordingToState
                0x0000000000001d84        0x2
 .text.TreatUartReceivedCharAccordingToState
                0x0000000000001d84        0x2 build/ISP/debug/main.o
                0x0000000000001d84                TreatUartReceivedCharAccordingToState

.text.__vector_24
                0x0000000000001d86        0x2
 .text.__vector_24
                0x0000000000001d86        0x2 build/ISP/debug/main.o
                0x0000000000001d86                __vector_24

.text.NoCallbackIsPerformedOnExternalInterrupt
                0x0000000000001d88        0x2
 .text.NoCallbackIsPerformedOnExternalInterrupt
                0x0000000000001d88        0x2 build/ISP/debug/ExternalInterrupt.o

.text.__dummy_fini
                0x0000000000001d8a        0x2
 .text.__dummy_fini
                0x0000000000001d8a        0x2 /opt/microchip/xc8/v3.00/avr/bin/../lib/gcc/avr/5.4.0/../../../../avr/lib/avr5/libc.a(exit.o)
                0x0000000000001d8a                _fini

.text.__dummy_funcs_on_exit
                0x0000000000001d8c        0x2
 .text.__dummy_funcs_on_exit
                0x0000000000001d8c        0x2 /opt/microchip/xc8/v3.00/avr/bin/../lib/gcc/avr/5.4.0/../../../../avr/lib/avr5/libc.a(exit.o)
                0x0000000000001d8c                __funcs_on_exit

.text.__dummy_simulator_exit
                0x0000000000001d8e        0x2
 .text.__dummy_simulator_exit
                0x0000000000001d8e        0x2 /opt/microchip/xc8/v3.00/avr/bin/../lib/gcc/avr/5.4.0/../../../../avr/lib/avr5/libc.a(exit.o)
                0x0000000000001d8e                __simulator_exit

.rodata         0x0000000000800102      0x22f load address 0x0000000000001d90
 .rodata        0x0000000000800102      0x22f build/ISP/debug/main.o

.rodata.state_table
                0x0000000000800331       0x16 load address 0x0000000000001fbf
 .rodata.state_table
                0x0000000000800331       0x16 /opt/microchip/xc8/v3.00/avr/bin/../lib/gcc/avr/5.4.0/../../../../avr/lib/avr5/libc.a(__printf_core.o)

.rodata.Timer_PrescalerBitValues
                0x0000000000800347       0x14 load address 0x0000000000001fd5
 .rodata.Timer_PrescalerBitValues
                0x0000000000800347       0x14 build/ISP/debug/Timer.o

.data.uart_output
                0x000000000080035b       0x10 load address 0x0000000000001fe9
 .data.uart_output
                0x000000000080035b       0x10 build/ISP/debug/UART.o

.data.ExternalInterruptCallbackStructArray
                0x000000000080036b        0x8 load address 0x0000000000001ff9
 .data.ExternalInterruptCallbackStructArray
                0x000000000080036b        0x8 build/ISP/debug/ExternalInterrupt.o

.rodata.nuls.2781
                0x0000000000800373        0x7 load address 0x0000000000002001
 .rodata.nuls.2781
                0x0000000000800373        0x7 /opt/microchip/xc8/v3.00/avr/bin/../lib/gcc/avr/5.4.0/../../../../avr/lib/avr5/libc.a(__fmt_s.o)

.rodata.nilstr.2962
                0x000000000080037a        0x6 load address 0x0000000000002008
 .rodata.nilstr.2962
                0x000000000080037a        0x6 /opt/microchip/xc8/v3.00/avr/bin/../lib/gcc/avr/5.4.0/../../../../avr/lib/avr5/libc.a(__printf_core.o)

.data._stdout   0x0000000000800398        0x2 load address 0x000000000000200e
 .data._stdout  0x0000000000800398        0x2 /opt/microchip/xc8/v3.00/avr/bin/../lib/gcc/avr/5.4.0/../../../../avr/lib/avr5/libc.a(stdout.o)
                0x0000000000800398                _stdout

.data.I2CAddress
                0x00000000008003a1        0x1 load address 0x0000000000002010
 .data.I2CAddress
                0x00000000008003a1        0x1 build/ISP/debug/main.o
